Archive member included to satisfy reference by file (symbol)

e:/arm course/imt_sdk_win_64/winarm/armgcc/bin/../lib/gcc/arm-none-eabi/7.2.1/thumb/v7-m\libgcc.a(_arm_addsubdf3.o)
                              ./src/USART_program.o (__aeabi_dsub)
e:/arm course/imt_sdk_win_64/winarm/armgcc/bin/../lib/gcc/arm-none-eabi/7.2.1/thumb/v7-m\libgcc.a(_arm_muldivdf3.o)
                              ./src/USART_program.o (__aeabi_dmul)
e:/arm course/imt_sdk_win_64/winarm/armgcc/bin/../lib/gcc/arm-none-eabi/7.2.1/thumb/v7-m\libgcc.a(_arm_fixunsdfsi.o)
                              ./src/USART_program.o (__aeabi_d2uiz)
e:/arm course/imt_sdk_win_64/winarm/armgcc/bin/../lib/gcc/arm-none-eabi/7.2.1/../../../../arm-none-eabi/lib/thumb/v7-m\libg_nano.a(lib_a-errno.o)
                              ./system/src/newlib/_sbrk.o (__errno)
e:/arm course/imt_sdk_win_64/winarm/armgcc/bin/../lib/gcc/arm-none-eabi/7.2.1/../../../../arm-none-eabi/lib/thumb/v7-m\libg_nano.a(lib_a-impure.o)
                              e:/arm course/imt_sdk_win_64/winarm/armgcc/bin/../lib/gcc/arm-none-eabi/7.2.1/../../../../arm-none-eabi/lib/thumb/v7-m\libg_nano.a(lib_a-errno.o) (_impure_ptr)
e:/arm course/imt_sdk_win_64/winarm/armgcc/bin/../lib/gcc/arm-none-eabi/7.2.1/../../../../arm-none-eabi/lib/thumb/v7-m\libg_nano.a(lib_a-memcpy-stub.o)
                              ./src/Application.o (memcpy)
e:/arm course/imt_sdk_win_64/winarm/armgcc/bin/../lib/gcc/arm-none-eabi/7.2.1/../../../../arm-none-eabi/lib/thumb/v7-m\libg_nano.a(lib_a-memset.o)
                              ./src/GSM_program.o (memset)
e:/arm course/imt_sdk_win_64/winarm/armgcc/bin/../lib/gcc/arm-none-eabi/7.2.1/../../../../arm-none-eabi/lib/thumb/v7-m\libg_nano.a(lib_a-strlen.o)
                              ./system/src/diag/Trace.o (strlen)
e:/arm course/imt_sdk_win_64/winarm/armgcc/bin/../lib/gcc/arm-none-eabi/7.2.1/../../../../arm-none-eabi/lib/thumb/v7-m\libg_nano.a(lib_a-vsnprintf.o)
                              ./system/src/diag/Trace.o (vsnprintf)
e:/arm course/imt_sdk_win_64/winarm/armgcc/bin/../lib/gcc/arm-none-eabi/7.2.1/../../../../arm-none-eabi/lib/thumb/v7-m\libg_nano.a(lib_a-nano-svfprintf.o)
                              e:/arm course/imt_sdk_win_64/winarm/armgcc/bin/../lib/gcc/arm-none-eabi/7.2.1/../../../../arm-none-eabi/lib/thumb/v7-m\libg_nano.a(lib_a-vsnprintf.o) (_svfprintf_r)
e:/arm course/imt_sdk_win_64/winarm/armgcc/bin/../lib/gcc/arm-none-eabi/7.2.1/../../../../arm-none-eabi/lib/thumb/v7-m\libg_nano.a(lib_a-nano-vfprintf_i.o)
                              e:/arm course/imt_sdk_win_64/winarm/armgcc/bin/../lib/gcc/arm-none-eabi/7.2.1/../../../../arm-none-eabi/lib/thumb/v7-m\libg_nano.a(lib_a-nano-svfprintf.o) (_printf_i)
e:/arm course/imt_sdk_win_64/winarm/armgcc/bin/../lib/gcc/arm-none-eabi/7.2.1/../../../../arm-none-eabi/lib/thumb/v7-m\libg_nano.a(lib_a-memchr-stub.o)
                              e:/arm course/imt_sdk_win_64/winarm/armgcc/bin/../lib/gcc/arm-none-eabi/7.2.1/../../../../arm-none-eabi/lib/thumb/v7-m\libg_nano.a(lib_a-nano-svfprintf.o) (memchr)
e:/arm course/imt_sdk_win_64/winarm/armgcc/bin/../lib/gcc/arm-none-eabi/7.2.1/../../../../arm-none-eabi/lib/thumb/v7-m\libg_nano.a(lib_a-memmove.o)
                              e:/arm course/imt_sdk_win_64/winarm/armgcc/bin/../lib/gcc/arm-none-eabi/7.2.1/../../../../arm-none-eabi/lib/thumb/v7-m\libg_nano.a(lib_a-nano-svfprintf.o) (memmove)
e:/arm course/imt_sdk_win_64/winarm/armgcc/bin/../lib/gcc/arm-none-eabi/7.2.1/../../../../arm-none-eabi/lib/thumb/v7-m\libg_nano.a(lib_a-nano-freer.o)
                              e:/arm course/imt_sdk_win_64/winarm/armgcc/bin/../lib/gcc/arm-none-eabi/7.2.1/../../../../arm-none-eabi/lib/thumb/v7-m\libg_nano.a(lib_a-nano-svfprintf.o) (_free_r)
e:/arm course/imt_sdk_win_64/winarm/armgcc/bin/../lib/gcc/arm-none-eabi/7.2.1/../../../../arm-none-eabi/lib/thumb/v7-m\libg_nano.a(lib_a-nano-mallocr.o)
                              e:/arm course/imt_sdk_win_64/winarm/armgcc/bin/../lib/gcc/arm-none-eabi/7.2.1/../../../../arm-none-eabi/lib/thumb/v7-m\libg_nano.a(lib_a-nano-svfprintf.o) (_malloc_r)
e:/arm course/imt_sdk_win_64/winarm/armgcc/bin/../lib/gcc/arm-none-eabi/7.2.1/../../../../arm-none-eabi/lib/thumb/v7-m\libg_nano.a(lib_a-nano-reallocr.o)
                              e:/arm course/imt_sdk_win_64/winarm/armgcc/bin/../lib/gcc/arm-none-eabi/7.2.1/../../../../arm-none-eabi/lib/thumb/v7-m\libg_nano.a(lib_a-nano-svfprintf.o) (_realloc_r)
e:/arm course/imt_sdk_win_64/winarm/armgcc/bin/../lib/gcc/arm-none-eabi/7.2.1/../../../../arm-none-eabi/lib/thumb/v7-m\libg_nano.a(lib_a-sbrkr.o)
                              e:/arm course/imt_sdk_win_64/winarm/armgcc/bin/../lib/gcc/arm-none-eabi/7.2.1/../../../../arm-none-eabi/lib/thumb/v7-m\libg_nano.a(lib_a-nano-mallocr.o) (_sbrk_r)
e:/arm course/imt_sdk_win_64/winarm/armgcc/bin/../lib/gcc/arm-none-eabi/7.2.1/../../../../arm-none-eabi/lib/thumb/v7-m\libg_nano.a(lib_a-mlock.o)
[...]
Memory Configuration

Name             Origin             Length             Attributes
RAM              0x20000000         0x00005000         xrw
CCMRAM           0x00000000         0x00000000         xrw
FLASH            0x08000000         0x00020000         xr
FLASHB1          0x00000000         0x00000000         xr
EXTMEMB0         0x00000000         0x00000000         xr
EXTMEMB1         0x00000000         0x00000000         xr
EXTMEMB2         0x00000000         0x00000000         xr
EXTMEMB3         0x00000000         0x00000000         xr
MEMORY_ARRAY     0x00000000         0x00000000         xrw
*default*        0x00000000         0xffffffff

Linker script and memory map

LOAD ./system/src/stm32f1-stdperiph/misc.o
LOAD ./system/src/stm32f1-stdperiph/stm32f10x_gpio.o
LOAD ./system/src/stm32f1-stdperiph/stm32f10x_rcc.o
LOAD ./system/src/newlib/_cxx.o
LOAD ./system/src/newlib/_exit.o
LOAD ./system/src/newlib/_sbrk.o
LOAD ./system/src/newlib/_startup.o
LOAD ./system/src/newlib/_syscalls.o
LOAD ./system/src/newlib/assert.o
LOAD ./system/src/diag/Trace.o
LOAD ./system/src/diag/trace_impl.o
LOAD ./system/src/cortexm/_initialize_hardware.o
LOAD ./system/src/cortexm/_reset_hardware.o
LOAD ./system/src/cortexm/exception_handlers.o
LOAD ./system/src/cmsis/system_stm32f10x.o
LOAD ./system/src/cmsis/vectors_stm32f10x.o
LOAD ./src/AFIO_program.o
LOAD ./src/Application.o
LOAD ./src/CAN.o
LOAD ./src/CANHANDLER_prog.o
LOAD ./src/DIO_prog.o
LOAD ./src/DMA_program.o
LOAD ./src/GSMHANDLER_prog.o
LOAD ./src/GSM_program.o
LOAD ./src/NVIC_prog.o
LOAD ./src/RCC_prog.o
LOAD ./src/SCB_prog.o
LOAD ./src/SCH_prog.o
LOAD ./src/SYSTICK_prog.o
LOAD ./src/Timer_prog.o
LOAD ./src/USART_program.o
LOAD ./src/_write.o
LOAD ./src/main.o
LOAD e:/arm course/imt_sdk_win_64/winarm/armgcc/bin/../lib/gcc/arm-none-eabi/7.2.1/../../../../arm-none-eabi/lib/thumb/v7-m\libstdc++_nano.a
LOAD e:/arm course/imt_sdk_win_64/winarm/armgcc/bin/../lib/gcc/arm-none-eabi/7.2.1/../../../../arm-none-eabi/lib/thumb/v7-m\libm.a
START GROUP
LOAD e:/arm course/imt_sdk_win_64/winarm/armgcc/bin/../lib/gcc/arm-none-eabi/7.2.1/thumb/v7-m\libgcc.a
LOAD e:/arm course/imt_sdk_win_64/winarm/armgcc/bin/../lib/gcc/arm-none-eabi/7.2.1/../../../../arm-none-eabi/lib/thumb/v7-m\libg_nano.a
LOAD e:/arm course/imt_sdk_win_64/winarm/armgcc/bin/../lib/gcc/arm-none-eabi/7.2.1/../../../../arm-none-eabi/lib/thumb/v7-m\libc_nano.a
END GROUP
START GROUP
LOAD e:/arm course/imt_sdk_win_64/winarm/armgcc/bin/../lib/gcc/arm-none-eabi/7.2.1/thumb/v7-m\libgcc.a
LOAD e:/arm course/imt_sdk_win_64/winarm/armgcc/bin/../lib/gcc/arm-none-eabi/7.2.1/../../../../arm-none-eabi/lib/thumb/v7-m\libc_nano.a
END GROUP
START GROUP
LOAD ../ldscripts\M3_CryptoFW_2_0_6.lib
END GROUP
                0x20005000                __stack = (ORIGIN (RAM) + LENGTH (RAM))
                0x20005000                _estack = __stack
                0x00000400                __Main_Stack_Size = 0x400
                [!provide]                PROVIDE (_Main_Stack_Size, __Main_Stack_Size)
                0x20004c00                __Main_Stack_Limit = (__stack - __Main_Stack_Size)
                [!provide]                PROVIDE (_Main_Stack_Limit, __Main_Stack_Limit)
                0x00000100                _Minimum_Stack_Size = 0x100
                0x20000248                PROVIDE (_Heap_Begin, _end_noinit)
                0x20004c00                PROVIDE (_Heap_Limit, (__stack - __Main_Stack_Size))

.isr_vector     0x08000000      0x35c
 FILL mask 0xff
                0x08000000                __vectors_start = ABSOLUTE (.)
                0x08000000                __vectors_start__ = ABSOLUTE (.)
 *(.isr_vector)
 .isr_vector    0x08000000      0x10c ./system/src/cmsis/vectors_stm32f10x.o
                0x08000000                __isr_vectors
 *(.cfmconfig)
 *(.after_vectors .after_vectors.*)
 .after_vectors
                0x0800010c      0x114 ./system/src/newlib/_startup.o
                0x0800010c                _start
 .after_vectors
                0x08000220      0x128 ./system/src/cortexm/exception_handlers.o
                0x08000220                Reset_Handler
                0x08000226                NMI_Handler
                0x0800022a                HardFault_Handler
                0x0800023e                HardFault_Handler_C
                0x0800029c                MemManage_Handler
                0x080002a0                BusFault_Handler
                0x080002b4                BusFault_Handler_C
                0x080002e8                UsageFault_Handler
                0x080002fc                UsageFault_Handler_C
                0x08000330                SVC_Handler
                0x08000334                DebugMon_Handler
                0x08000338                PendSV_Handler
 .after_vectors
                0x08000348        0x4 ./system/src/cmsis/vectors_stm32f10x.o
                0x08000348                EXTI2_IRQHandler
                0x08000348                TIM8_TRG_COM_IRQHandler
                0x08000348                TIM8_CC_IRQHandler
                0x08000348                TIM1_CC_IRQHandler
                0x08000348                TIM6_IRQHandler
                0x08000348                PVD_IRQHandler
                0x08000348                SDIO_IRQHandler
                0x08000348                CAN2_RX1_IRQHandler
                0x08000348                EXTI3_IRQHandler
                0x08000348                TIM8_TRG_COM_TIM14_IRQHandler
                0x08000348                TIM1_UP_TIM10_IRQHandler
                0x08000348                TIM8_UP_TIM13_IRQHandler
                0x08000348                EXTI0_IRQHandler
                0x08000348                I2C2_EV_IRQHandler
                0x08000348                CAN1_RX0_IRQHandler
                0x08000348                TIM1_UP_TIM16_IRQHandler
                0x08000348                CAN2_SCE_IRQHandler
                0x08000348                ADC1_2_IRQHandler
                0x08000348                SPI1_IRQHandler
                0x08000348                TAMPER_IRQHandler
                0x08000348                TIM6_DAC_IRQHandler
                0x08000348                TIM1_BRK_TIM9_IRQHandler
                0x08000348                CAN2_RX0_IRQHandler
                0x08000348                TIM8_UP_IRQHandler
                0x08000348                DMA2_Channel2_IRQHandler
                0x08000348                RTC_IRQHandler
                0x08000348                DMA1_Channel7_IRQHandler
                0x08000348                CAN1_RX1_IRQHandler
                0x08000348                UART5_IRQHandler
                0x08000348                ADC3_IRQHandler
                0x08000348                TIM4_IRQHandler
                0x08000348                DMA2_Channel1_IRQHandler
                0x08000348                I2C1_EV_IRQHandler
                0x08000348                DMA1_Channel6_IRQHandler
                0x08000348                UART4_IRQHandler
                0x08000348                DMA2_Channel4_IRQHandler
                0x08000348                TIM3_IRQHandler
                0x08000348                RCC_IRQHandler
                0x08000348                TIM8_BRK_TIM12_IRQHandler
                0x08000348                TIM1_TRG_COM_IRQHandler
                0x08000348                Default_Handler
                0x08000348                CEC_IRQHandler
                0x08000348                EXTI15_10_IRQHandler
                0x08000348                TIM14_IRQHandler
                0x08000348                TIM13_IRQHandler
                0x08000348                TIM12_IRQHandler
                0x08000348                TIM7_IRQHandler
                0x08000348                CAN2_TX_IRQHandler
                0x08000348                TIM5_IRQHandler
                0x08000348                EXTI9_5_IRQHandler
                0x08000348                ETH_WKUP_IRQHandler
                0x08000348                SPI2_IRQHandler
                0x08000348                CAN1_TX_IRQHandler
                0x08000348                DMA2_Channel5_IRQHandler
                0x08000348                EXTI4_IRQHandler
                0x08000348                TIM1_TRG_COM_TIM17_IRQHandler
                0x08000348                DMA1_Channel3_IRQHandler
                0x08000348                FSMC_IRQHandler
                0x08000348                ETH_IRQHandler
                0x08000348                WWDG_IRQHandler
                0x08000348                TIM2_IRQHandler
                0x08000348                OTG_FS_WKUP_IRQHandler
                0x08000348                TIM1_TRG_COM_TIM11_IRQHandler
                0x08000348                TIM1_BRK_IRQHandler
                0x08000348                EXTI1_IRQHandler
                0x08000348                RTCAlarm_IRQHandler
                0x08000348                DMA2_Channel4_5_IRQHandler
                0x08000348                I2C2_ER_IRQHandler
                0x08000348                DMA1_Channel2_IRQHandler
                0x08000348                TIM8_BRK_IRQHandler
                0x08000348                CAN1_SCE_IRQHandler
                0x08000348                FLASH_IRQHandler
                0x08000348                OTG_FS_IRQHandler
                0x08000348                SPI3_IRQHandler
                0x08000348                I2C1_ER_IRQHandler
                0x08000348                USBWakeUp_IRQHandler
                0x08000348                DMA2_Channel3_IRQHandler
                0x08000348                TIM1_BRK_TIM15_IRQHandler
 .after_vectors
                0x0800034c       0x10 ./src/SYSTICK_prog.o
                0x0800034c                SysTick_Handler

.inits          0x0800035c       0x28
                0x0800035c                __data_regions_array_start = .
                0x0800035c        0x4 LONG 0x8005220 LOADADDR (.data)
                0x08000360        0x4 LONG 0x20000000 ADDR (.data)
                0x08000364        0x4 LONG 0x200000b8 (ADDR (.data) + SIZEOF (.data))
                0x08000368        0x4 LONG 0x8005220 LOADADDR (.data_CCMRAM)
                0x0800036c        0x4 LONG 0x0 ADDR (.data_CCMRAM)
                0x08000370        0x4 LONG 0x0 (ADDR (.data_CCMRAM) + SIZEOF (.data_CCMRAM))
                0x08000374                __data_regions_array_end = .
                0x08000374                __bss_regions_array_start = .
                0x08000374        0x4 LONG 0x200000b8 ADDR (.bss)
                0x08000378        0x4 LONG 0x20000248 (ADDR (.bss) + SIZEOF (.bss))
                0x0800037c        0x4 LONG 0x0 ADDR (.bss_CCMRAM)
                0x08000380        0x4 LONG 0x0 (ADDR (.bss_CCMRAM) + SIZEOF (.bss_CCMRAM))
                0x08000384                __bss_regions_array_end = .
 *(.init)
 *(.fini)
                0x08000384                . = ALIGN (0x4)
                0x08000384                PROVIDE (__preinit_array_start, .)
 *(.preinit_array_sysinit .preinit_array_sysinit.*)
 *(.preinit_array_platform .preinit_array_platform.*)
 *(.preinit_array .preinit_array.*)
                0x08000384                PROVIDE (__preinit_array_end, .)
                0x08000384                . = ALIGN (0x4)
                0x08000384                PROVIDE (__init_array_start, .)
 *(SORT_BY_NAME(.init_array.*))
 *(.init_array)
                0x08000384                PROVIDE (__init_array_end, .)
                0x08000384                . = ALIGN (0x4)
                0x08000384                PROVIDE (__fini_array_start, .)
 *(SORT_BY_NAME(.fini_array.*))
 *(.fini_array)
                0x08000384                PROVIDE (__fini_array_end, .)

.flashtext
 *(.flashtext .flashtext.*)

.text           0x08000384     0x4904
 *(.text .text.*)
 .text.RCC_AHBPeriphClockCmd
                0x08000384       0x4c ./system/src/stm32f1-stdperiph/stm32f10x_rcc.o
                0x08000384                RCC_AHBPeriphClockCmd
 .text._exit    0x080003d0        0x2 ./system/src/newlib/_exit.o
                0x080003d0                _exit
 *fill*         0x080003d2        0x2 
 .text.abort    0x080003d4       0x14 ./system/src/newlib/_exit.o
                0x080003d4                abort
 .text._sbrk    0x080003e8       0x44 ./system/src/newlib/_sbrk.o
                0x080003e8                _sbrk
 .text.__initialize_args
                0x0800042c       0x10 ./system/src/newlib/_syscalls.o
                0x0800042c                __initialize_args
 .text.assert_failed
                0x0800043c       0x14 ./system/src/newlib/assert.o
                0x0800043c                assert_failed
 .text.trace_printf
                0x08000450       0x30 ./system/src/diag/Trace.o
                0x08000450                trace_printf
 .text.trace_puts
                0x08000480       0x20 ./system/src/diag/Trace.o
                0x08000480                trace_puts
 .text._trace_write_semihosting_debug
                0x080004a0       0x60 ./system/src/diag/trace_impl.o
 .text.trace_write
                0x08000500        0x8 ./system/src/diag/trace_impl.o
                0x08000500                trace_write
 .text.__initialize_hardware_early
                0x08000508       0x18 ./system/src/cortexm/_initialize_hardware.o
                0x08000508                __initialize_hardware_early
 .text.__initialize_hardware
                0x08000520        0x8 ./system/src/cortexm/_initialize_hardware.o
                0x08000520                __initialize_hardware
 .text.dumpExceptionStack
                0x08000528       0xf4 ./system/src/cortexm/exception_handlers.o
                0x08000528                dumpExceptionStack
 .text.isSemihosting
                0x0800061c       0x20 ./system/src/cortexm/exception_handlers.o
                0x0800061c                isSemihosting
 .text.SetSysClockTo72
                0x0800063c       0xc4 ./system/src/cmsis/system_stm32f10x.o
 .text.SetSysClock
                0x08000700        0x8 ./system/src/cmsis/system_stm32f10x.o
 .text.SystemInit
                0x08000708       0x50 ./system/src/cmsis/system_stm32f10x.o
                0x08000708                SystemInit
 .text.SystemCoreClockUpdate
                0x08000758       0x94 ./system/src/cmsis/system_stm32f10x.o
                0x08000758                SystemCoreClockUpdate
 .text.AFIO_vidinit
                0x080007ec       0x20 ./src/AFIO_program.o
                0x080007ec                AFIO_vidinit
 .text.enuFindString2
                0x0800080c       0x48 ./src/Application.o
 .text.serverResponseHandling
                0x08000854       0x54 ./src/Application.o
                0x08000854                serverResponseHandling
 .text.STM32_SHA256_HASH_DigestCompute
                0x080008a8       0x44 ./src/Application.o
                0x080008a8                STM32_SHA256_HASH_DigestCompute
 .text.Buffercmp
                0x080008ec       0x4c ./src/Application.o
                0x080008ec                Buffercmp
 .text.u32ACIItoInteger
                0x08000938       0x38 ./src/Application.o
                0x08000938                u32ACIItoInteger
 .text.vidGetVersion
                0x08000970       0x8c ./src/Application.o
                0x08000970                vidGetVersion
 .text.updateVersioncheck
                0x080009fc       0x6c ./src/Application.o
                0x080009fc                updateVersioncheck
 .text.__aeabi_memcpy
                0x08000a68        0x8 ./src/Application.o
                0x08000a68                __aeabi_memcpy
 .text.CAN_setup
                0x08000a70       0x24 ./src/CAN.o
                0x08000a70                CAN_setup
 .text.CAN_start
                0x08000a94       0x1c ./src/CAN.o
                0x08000a94                CAN_start
 .text.CAN_testmode
                0x08000ab0       0x18 ./src/CAN.o
                0x08000ab0                CAN_testmode
 .text.CAN_waitReady
                0x08000ac8       0x2c ./src/CAN.o
                0x08000ac8                CAN_waitReady
 .text.CAN_wrMsg
                0x08000af4       0xb8 ./src/CAN.o
                0x08000af4                CAN_wrMsg
 .text.CAN_wrFilter
                0x08000bac       0x80 ./src/CAN.o
                0x08000bac                CAN_wrFilter
 .text.CAN_vidReleaseMessage
                0x08000c2c       0x10 ./src/CAN.o
                0x08000c2c                CAN_vidReleaseMessage
 .text.CAN_rdMsg_0
                0x08000c3c       0x90 ./src/CAN.o
                0x08000c3c                CAN_rdMsg_0
 .text.CAN_vid_filter_list
                0x08000ccc       0x50 ./src/CAN.o
                0x08000ccc                CAN_vid_filter_list
 .text.USB_HP_CAN1_TX_IRQHandler
                0x08000d1c       0x6c ./src/CAN.o
                0x08000d1c                USB_HP_CAN1_TX_IRQHandler
 .text.USB_LP_CAN1_RX0_IRQHandler
                0x08000d88       0x48 ./src/CAN.o
                0x08000d88                USB_LP_CAN1_RX0_IRQHandler
 .text.CANHANDLER_vidSend
                0x08000dd0       0x8c ./src/CANHANDLER_prog.o
                0x08000dd0                CANHANDLER_vidSend
 .text.DIO_vidInit
                0x08000e5c      0x13c ./src/DIO_prog.o
                0x08000e5c                DIO_vidInit
 .text.DIO_vidSetPinValue
                0x08000f98       0x3c ./src/DIO_prog.o
                0x08000f98                DIO_vidSetPinValue
 .text.DMA_Stub
                0x08000fd4        0x4 ./src/DMA_program.o
 .text.DMA_enumInit
                0x08000fd8       0x94 ./src/DMA_program.o
                0x08000fd8                DMA_enumInit
 .text.DMA_Transfer
                0x0800106c       0x78 ./src/DMA_program.o
                0x0800106c                DMA_Transfer
 .text.DMA_voidDisable
                0x080010e4       0x20 ./src/DMA_program.o
                0x080010e4                DMA_voidDisable
 .text.DMA_enumSetCallback
                0x08001104       0x1c ./src/DMA_program.o
                0x08001104                DMA_enumSetCallback
 .text.DMA1_Channel1_IRQHandler
                0x08001120       0x4c ./src/DMA_program.o
                0x08001120                DMA1_Channel1_IRQHandler
 .text.DMA1_Channel5_IRQHandler
                0x0800116c       0x60 ./src/DMA_program.o
                0x0800116c                DMA1_Channel5_IRQHandler
 .text.DMA1_Channel4_IRQHandler
                0x080011cc       0x68 ./src/DMA_program.o
                0x080011cc                DMA1_Channel4_IRQHandler
 .text.vidDMAInterruptHandler
                0x08001234        0xc ./src/GSM_program.o
                0x08001234                vidDMAInterruptHandler
 .text.enuFindString
                0x08001240       0x48 ./src/GSM_program.o
 .text.u8CheckBufferTermination
                0x08001288       0x3a ./src/GSM_program.o
 .text.vidClearBuffer
                0x080012c2       0x10 ./src/GSM_program.o
 *fill*         0x080012d2        0x2 
 .text.enuSendCommand
                0x080012d4       0x84 ./src/GSM_program.o
 .text.GSM_enuInit
                0x08001358       0x64 ./src/GSM_program.o
                0x08001358                GSM_enuInit
 .text.GSM_vidInitHTTP
                0x080013bc       0x44 ./src/GSM_program.o
                0x080013bc                GSM_vidInitHTTP
 .text.GSM_u16GETData
                0x08001400      0x218 ./src/GSM_program.o
                0x08001400                GSM_u16GETData
 .text.GSM_enuPOSTRequestInit
                0x08001618      0x1dc ./src/GSM_program.o
                0x08001618                GSM_enuPOSTRequestInit
 .text.NVIC_vidInit
                0x080017f4       0x10 ./src/NVIC_prog.o
                0x080017f4                NVIC_vidInit
 .text.NVIC_vidEnableInterrupt
                0x08001804       0x28 ./src/NVIC_prog.o
                0x08001804                NVIC_vidEnableInterrupt
 .text.NVIC_vidSetPriority
                0x0800182c       0x10 ./src/NVIC_prog.o
                0x0800182c                NVIC_vidSetPriority
 .text.RCC_vidInit
                0x0800183c       0xc4 ./src/RCC_prog.o
                0x0800183c                RCC_vidInit
 .text.RCC_vidEnablePeripheral
                0x08001900       0x54 ./src/RCC_prog.o
                0x08001900                RCC_vidEnablePeripheral
 .text.SCB_vidSetInterruptPriority
                0x08001954       0x14 ./src/SCB_prog.o
                0x08001954                SCB_vidSetInterruptPriority
 .text.Scheduler
                0x08001968       0x38 ./src/SCH_prog.o
                0x08001968                Scheduler
 .text.SCH_vidStart
                0x080019a0       0x18 ./src/SCH_prog.o
                0x080019a0                SCH_vidStart
 .text.SCH_vidCreateTask
                0x080019b8        0xc ./src/SCH_prog.o
                0x080019b8                SCH_vidCreateTask
 .text.vidInterruptStub
                0x080019c4        0x4 ./src/SYSTICK_prog.o
                0x080019c4                vidInterruptStub
 .text.SYSTICK_vidInit
                0x080019c8       0x1c ./src/SYSTICK_prog.o
                0x080019c8                SYSTICK_vidInit
 .text.SYSTICK_vidSetCallback
                0x080019e4        0xc ./src/SYSTICK_prog.o
                0x080019e4                SYSTICK_vidSetCallback
 .text.Timer1_UEV_Interrupt
                0x080019f0       0x30 ./src/Timer_prog.o
                0x080019f0                Timer1_UEV_Interrupt
 .text.Timer1_vidStartCount
                0x08001a20       0x10 ./src/Timer_prog.o
                0x08001a20                Timer1_vidStartCount
 .text.TIM1_UP_IRQHandler
                0x08001a30       0x1c ./src/Timer_prog.o
                0x08001a30                TIM1_UP_IRQHandler
 .text.USART_Stub
                0x08001a4c        0x4 ./src/USART_program.o
 .text.USART_enumInit
                0x08001a50       0xe0 ./src/USART_program.o
                0x08001a50                USART_enumInit
 .text.USART_enumDMAReceive
                0x08001b30       0x4c ./src/USART_program.o
                0x08001b30                USART_enumDMAReceive
 .text.USART_enumDMASend
                0x08001b7c       0x60 ./src/USART_program.o
                0x08001b7c                USART_enumDMASend
 .text.USART1_IRQHandler
                0x08001bdc       0x20 ./src/USART_program.o
                0x08001bdc                USART1_IRQHandler
 .text.USART2_IRQHandler
                0x08001bfc       0x20 ./src/USART_program.o
                0x08001bfc                USART2_IRQHandler
 .text.USART3_IRQHandler
                0x08001c1c       0x20 ./src/USART_program.o
                0x08001c1c                USART3_IRQHandler
 .text.Blink_LED1
                0x08001c3c       0x38 ./src/main.o
                0x08001c3c                Blink_LED1
 .text.main     0x08001c74      0x3b8 ./src/main.o
                0x08001c74                main
 .text          0x0800202c      0x378 e:/arm course/imt_sdk_win_64/winarm/armgcc/bin/../lib/gcc/arm-none-eabi/7.2.1/thumb/v7-m\libgcc.a(_arm_addsubdf3.o)
                0x0800202c                __aeabi_drsub
                0x08002034                __aeabi_dsub
                0x08002034                __subdf3
                0x08002038                __aeabi_dadd
                0x08002038                __adddf3
                0x080022b0                __floatunsidf
                0x080022b0                __aeabi_ui2d
                0x080022d0                __floatsidf
                0x080022d0                __aeabi_i2d
                0x080022f4                __aeabi_f2d
                0x080022f4                __extendsfdf2
                0x08002338                __floatundidf
                0x08002338                __aeabi_ul2d
                0x08002348                __floatdidf
                0x08002348                __aeabi_l2d
 .text          0x080023a4      0x424 e:/arm course/imt_sdk_win_64/winarm/armgcc/bin/../lib/gcc/arm-none-eabi/7.2.1/thumb/v7-m\libgcc.a(_arm_muldivdf3.o)
                0x080023a4                __aeabi_dmul
                0x080023a4                __muldf3
                0x080025f8                __divdf3
                0x080025f8                __aeabi_ddiv
 .text          0x080027c8       0x40 e:/arm course/imt_sdk_win_64/winarm/armgcc/bin/../lib/gcc/arm-none-eabi/7.2.1/thumb/v7-m\libgcc.a(_arm_fixunsdfsi.o)
                0x080027c8                __aeabi_d2uiz
                0x080027c8                __fixunsdfsi
 .text.__errno  0x08002808        0xc e:/arm course/imt_sdk_win_64/winarm/armgcc/bin/../lib/gcc/arm-none-eabi/7.2.1/../../../../arm-none-eabi/lib/thumb/v7-m\libg_nano.a(lib_a-errno.o)
                0x08002808                __errno
 .text.memcpy   0x08002814       0x16 e:/arm course/imt_sdk_win_64/winarm/armgcc/bin/../lib/gcc/arm-none-eabi/7.2.1/../../../../arm-none-eabi/lib/thumb/v7-m\libg_nano.a(lib_a-memcpy-stub.o)
                0x08002814                memcpy
 .text.memset   0x0800282a       0x10 e:/arm course/imt_sdk_win_64/winarm/armgcc/bin/../lib/gcc/arm-none-eabi/7.2.1/../../../../arm-none-eabi/lib/thumb/v7-m\libg_nano.a(lib_a-memset.o)
                0x0800282a                memset
 .text          0x0800283a       0x10 e:/arm course/imt_sdk_win_64/winarm/armgcc/bin/../lib/gcc/arm-none-eabi/7.2.1/../../../../arm-none-eabi/lib/thumb/v7-m\libg_nano.a(lib_a-strlen.o)
                0x0800283a                strlen
 .text._vsnprintf_r
                0x0800284a       0x58 e:/arm course/imt_sdk_win_64/winarm/armgcc/bin/../lib/gcc/arm-none-eabi/7.2.1/../../../../arm-none-eabi/lib/thumb/v7-m\libg_nano.a(lib_a-vsnprintf.o)
                0x0800284a                _vsniprintf_r
                0x0800284a                _vsnprintf_r
 *fill*         0x080028a2        0x2 
 .text.vsnprintf
                0x080028a4       0x1c e:/arm course/imt_sdk_win_64/winarm/armgcc/bin/../lib/gcc/arm-none-eabi/7.2.1/../../../../arm-none-eabi/lib/thumb/v7-m\libg_nano.a(lib_a-vsnprintf.o)
                0x080028a4                vsniprintf
                0x080028a4                vsnprintf
 .text.__ssputs_r
                0x080028c0       0xb4 e:/arm course/imt_sdk_win_64/winarm/armgcc/bin/../lib/gcc/arm-none-eabi/7.2.1/../../../../arm-none-eabi/lib/thumb/v7-m\libg_nano.a(lib_a-nano-svfprintf.o)
                0x080028c0                __ssputs_r
 .text._svfprintf_r
                0x08002974      0x1ec e:/arm course/imt_sdk_win_64/winarm/armgcc/bin/../lib/gcc/arm-none-eabi/7.2.1/../../../../arm-none-eabi/lib/thumb/v7-m\libg_nano.a(lib_a-nano-svfprintf.o)
                0x08002974                _svfiprintf_r
                0x08002974                _svfprintf_r
 .text._printf_common
                0x08002b60       0xec e:/arm course/imt_sdk_win_64/winarm/armgcc/bin/../lib/gcc/arm-none-eabi/7.2.1/../../../../arm-none-eabi/lib/thumb/v7-m\libg_nano.a(lib_a-nano-vfprintf_i.o)
                0x08002b60                _printf_common
 .text._printf_i
                0x08002c4c      0x224 e:/arm course/imt_sdk_win_64/winarm/armgcc/bin/../lib/gcc/arm-none-eabi/7.2.1/../../../../arm-none-eabi/lib/thumb/v7-m\libg_nano.a(lib_a-nano-vfprintf_i.o)
                0x08002c4c                _printf_i
 .text.memchr   0x08002e70       0x1c e:/arm course/imt_sdk_win_64/winarm/armgcc/bin/../lib/gcc/arm-none-eabi/7.2.1/../../../../arm-none-eabi/lib/thumb/v7-m\libg_nano.a(lib_a-memchr-stub.o)
                0x08002e70                memchr
 .text.memmove  0x08002e8c       0x32 e:/arm course/imt_sdk_win_64/winarm/armgcc/bin/../lib/gcc/arm-none-eabi/7.2.1/../../../../arm-none-eabi/lib/thumb/v7-m\libg_nano.a(lib_a-memmove.o)
                0x08002e8c                memmove
 *fill*         0x08002ebe        0x2 
 .text._free_r  0x08002ec0       0x98 e:/arm course/imt_sdk_win_64/winarm/armgcc/bin/../lib/gcc/arm-none-eabi/7.2.1/../../../../arm-none-eabi/lib/thumb/v7-m\libg_nano.a(lib_a-nano-freer.o)
                0x08002ec0                _free_r
 .text._malloc_r
                0x08002f58       0xb4 e:/arm course/imt_sdk_win_64/winarm/armgcc/bin/../lib/gcc/arm-none-eabi/7.2.1/../../../../arm-none-eabi/lib/thumb/v7-m\libg_nano.a(lib_a-nano-mallocr.o)
                0x08002f58                _malloc_r
 .text._realloc_r
                0x0800300c       0x4c e:/arm course/imt_sdk_win_64/winarm/armgcc/bin/../lib/gcc/arm-none-eabi/7.2.1/../../../../arm-none-eabi/lib/thumb/v7-m\libg_nano.a(lib_a-nano-reallocr.o)
                0x0800300c                _realloc_r
 .text._sbrk_r  0x08003058       0x20 e:/arm course/imt_sdk_win_64/winarm/armgcc/bin/../lib/gcc/arm-none-eabi/7.2.1/../../../../arm-none-eabi/lib/thumb/v7-m\libg_nano.a(lib_a-sbrkr.o)
                0x08003058                _sbrk_r
 .text.__malloc_lock
                0x08003078        0x2 e:/arm course/imt_sdk_win_64/winarm/armgcc/bin/../lib/gcc/arm-none-eabi/7.2.1/../../../../arm-none-eabi/lib/thumb/v7-m\libg_nano.a(lib_a-mlock.o)
                0x08003078                __malloc_lock
 .text.__malloc_unlock
                0x0800307a        0x2 e:/arm course/imt_sdk_win_64/winarm/armgcc/bin/../lib/gcc/arm-none-eabi/7.2.1/../../../../arm-none-eabi/lib/thumb/v7-m\libg_nano.a(lib_a-mlock.o)
                0x0800307a                __malloc_unlock
 .text._malloc_usable_size_r
                0x0800307c       0x10 e:/arm course/imt_sdk_win_64/winarm/armgcc/bin/../lib/gcc/arm-none-eabi/7.2.1/../../../../arm-none-eabi/lib/thumb/v7-m\libg_nano.a(lib_a-nano-msizer.o)
                0x0800307c                _malloc_usable_size_r
 *(.rodata .rodata.* .constdata .constdata.*)
 .rodata.RCC_HSEConfig.str1.4
                0x0800308c       0x30 ./system/src/stm32f1-stdperiph/stm32f10x_rcc.o
 .rodata.abort.str1.4
                0x080030bc       0x14 ./system/src/newlib/_exit.o
 .rodata.assert_failed.str1.4
                0x080030d0       0x2b ./system/src/newlib/assert.o
 .rodata.trace_puts.str1.4
                0x080030fb       0x2b ./system/src/diag/Trace.o
                                  0x2 (size before relaxing)
 *fill*         0x080030fb        0x1 
 .rodata.dumpExceptionStack.str1.4
                0x080030fc      0x11a ./system/src/cortexm/exception_handlers.o
 *fill*         0x08003216        0x2 
 .rodata.str1.4
                0x08003218       0x2a ./system/src/cortexm/exception_handlers.o
 *fill*         0x08003242        0x2 
 .rodata.serverResponseHandling.str1.4
                0x08003244       0x27 ./src/Application.o
 *fill*         0x0800326b        0x1 
 .rodata        0x0800326c       0x23 ./src/DIO_prog.o
 *fill*         0x0800328f        0x1 
 .rodata.GSM_enuGETRequestInit.str1.4
                0x08003290       0x24 ./src/GSM_program.o
 .rodata.GSM_enuInit.str1.4
                0x080032b4       0x45 ./src/GSM_program.o
 *fill*         0x080032f9        0x3 
 .rodata.GSM_enuPOSTRequestInit.str1.4
                0x080032fc       0x62 ./src/GSM_program.o
 *fill*         0x0800335e        0x2 
 .rodata.GSM_enumSendFTPCommand.str1.4
                0x08003360        0x8 ./src/GSM_program.o
 .rodata.GSM_u16GETData.str1.4
                0x08003368       0x30 ./src/GSM_program.o
 .rodata.GSM_vidInitHTTP.str1.4
                0x08003398       0x52 ./src/GSM_program.o
 *fill*         0x080033ea        0x2 
 .rodata.enuSendCommand.str1.4
                0x080033ec        0x3 ./src/GSM_program.o
                                  0x7 (size before relaxing)
 *fill*         0x080033ef        0x1 
 .rodata        0x080033f0       0x30 ./src/main.o
 .rodata.main.str1.4
                0x08003420       0x9c ./src/main.o
                                 0x99 (size before relaxing)
 .rodata._svfprintf_r.str1.1
                0x080034bc       0x11 e:/arm course/imt_sdk_win_64/winarm/armgcc/bin/../lib/gcc/arm-none-eabi/7.2.1/../../../../arm-none-eabi/lib/thumb/v7-m\libg_nano.a(lib_a-nano-svfprintf.o)
 .rodata._printf_i.str1.1
                0x080034cd       0x22 e:/arm course/imt_sdk_win_64/winarm/armgcc/bin/../lib/gcc/arm-none-eabi/7.2.1/../../../../arm-none-eabi/lib/thumb/v7-m\libg_nano.a(lib_a-nano-vfprintf_i.o)
 *fill*         0x080034ef        0x1 
 .constdata     0x080034f0     0x1798 ../ldscripts\M3_CryptoFW_2_0_6.lib(crypto.o)
                0x080034f0                Sbox
                0x080035f0                InvSbox
                0x080036f0                rcon
                0x08003718                enc_table
                0x08003b18                dec_table
                0x08004138                SP1
                0x08004238                SP2
                0x08004338                SP3
                0x08004438                SP4
                0x08004538                SP5
                0x08004638                SP6
                0x08004738                SP7
                0x08004838                SP8
                0x08004938                K256
 *(vtable)
 *(.eh_frame*)
 *(.glue_7)
 .glue_7        0x08004c88        0x0 linker stubs
 *(.glue_7t)
 .glue_7t       0x08004c88        0x0 linker stubs

.vfp11_veneer   0x08004c88        0x0
 .vfp11_veneer  0x08004c88        0x0 linker stubs

.v4_bx          0x08004c88        0x0
 .v4_bx         0x08004c88        0x0 linker stubs

.iplt           0x08004c88        0x0
 .iplt          0x08004c88        0x0 ./system/src/stm32f1-stdperiph/stm32f10x_rcc.o

i.Crypto_DeInit
                0x08004c88        0x8
 i.Crypto_DeInit
                0x08004c88        0x8 ../ldscripts\M3_CryptoFW_2_0_6.lib(crypto.o)
                0x08004c88                Crypto_DeInit

i.SHA256Final   0x08004c90      0x186
 i.SHA256Final  0x08004c90      0x186 ../ldscripts\M3_CryptoFW_2_0_6.lib(crypto.o)
                0x08004c90                SHA256Final

i.SHA256Transform
                0x08004e18      0x258
 i.SHA256Transform
                0x08004e18      0x258 ../ldscripts\M3_CryptoFW_2_0_6.lib(crypto.o)

i.SHA256Update  0x08005070       0x9a
 i.SHA256Update
                0x08005070       0x9a ../ldscripts\M3_CryptoFW_2_0_6.lib(crypto.o)
                0x08005070                SHA256Update

i.SHA256_Append
                0x0800510a       0x2a
 i.SHA256_Append
                0x0800510a       0x2a ../ldscripts\M3_CryptoFW_2_0_6.lib(crypto.o)
                0x0800510a                SHA256_Append

i.SHA256_Finish
                0x08005134       0x90
 i.SHA256_Finish
                0x08005134       0x90 ../ldscripts\M3_CryptoFW_2_0_6.lib(crypto.o)
                0x08005134                SHA256_Finish

i.SHA256_Init   0x080051c4       0x5c
 i.SHA256_Init  0x080051c4       0x5c ../ldscripts\M3_CryptoFW_2_0_6.lib(crypto.o)
                0x080051c4                SHA256_Init

.rel.dyn        0x08005220        0x0
 .rel.iplt      0x08005220        0x0 ./system/src/stm32f1-stdperiph/stm32f10x_rcc.o

.ARM.extab
 *(.ARM.extab* .gnu.linkonce.armextab.*)
                0x08005220                . = ALIGN (0x4)
                0x08005220                __exidx_start = .

.ARM.exidx
 *(.ARM.exidx* .gnu.linkonce.armexidx.*)
                0x08005220                __exidx_end = .
                0x08005220                . = ALIGN (0x4)
                0x08005220                _etext = .
                0x08005220                __etext = .

.data_CCMRAM    0x00000000        0x0 load address 0x08005220
 FILL mask 0xff
 *(.data.CCMRAM .data.CCMRAM.*)
                0x00000000                . = ALIGN (0x4)
                0x08005220                _sidata = LOADADDR (.data)

.data           0x20000000       0xb8 load address 0x08005220
 FILL mask 0xff
                0x20000000                _sdata = .
                0x20000000                __data_start__ = .
 *(.data_begin .data_begin.*)
 .data_begin    0x20000000        0x4 ./system/src/newlib/_startup.o
 *(.data .data.*)
 .data.argv.4310
                0x20000004        0x8 ./system/src/newlib/_syscalls.o
 .data.AHBPrescTable
                0x2000000c       0x10 ./system/src/cmsis/system_stm32f10x.o
                0x2000000c                AHBPrescTable
 .data.SystemCoreClock
                0x2000001c        0x4 ./system/src/cmsis/system_stm32f10x.o
                0x2000001c                SystemCoreClock
 .data.DIO_PORTCREG
                0x20000020        0x4 ./src/DIO_prog.o
                0x20000020                DIO_PORTCREG
 .data.DIO_apgpioRegisters
                0x20000024        0xc ./src/DIO_prog.o
                0x20000024                DIO_apgpioRegisters
 .data.DMA_CallbackFunction
                0x20000030       0x18 ./src/DMA_program.o
                0x20000030                DMA_CallbackFunction
 .data.SCB_REG  0x20000048        0x4 ./src/SCB_prog.o
                0x20000048                SCB_REG
 .data.InterruptCallback
                0x2000004c        0x4 ./src/SYSTICK_prog.o
                0x2000004c                InterruptCallback
 .data._impure_ptr
                0x20000050        0x4 e:/arm course/imt_sdk_win_64/winarm/armgcc/bin/../lib/gcc/arm-none-eabi/7.2.1/../../../../arm-none-eabi/lib/thumb/v7-m\libg_nano.a(lib_a-impure.o)
                0x20000050                _impure_ptr
 .data.impure_data
                0x20000054       0x60 e:/arm course/imt_sdk_win_64/winarm/armgcc/bin/../lib/gcc/arm-none-eabi/7.2.1/../../../../arm-none-eabi/lib/thumb/v7-m\libg_nano.a(lib_a-impure.o)
 *(.data_end .data_end.*)
 .data_end      0x200000b4        0x4 ./system/src/newlib/_startup.o
                0x200000b8                . = ALIGN (0x4)
                0x200000b8                _edata = .
                0x200000b8                __data_end__ = .

.igot.plt       0x200000b8        0x0 load address 0x080052d8
 .igot.plt      0x200000b8        0x0 ./system/src/stm32f1-stdperiph/stm32f10x_rcc.o

.bss_CCMRAM     0x00000000        0x0
 *(.bss.CCMRAM .bss.CCMRAM.*)

.bss            0x200000b8      0x190
                0x200000b8                __bss_start__ = .
                0x200000b8                _sbss = .
 *(.bss_begin .bss_begin.*)
 .bss_begin     0x200000b8        0x4 ./system/src/newlib/_startup.o
 *(.bss .bss.*)
 .bss.current_heap_end.3961
                0x200000bc        0x4 ./system/src/newlib/_sbrk.o
 .bss.name.4309
                0x200000c0        0x1 ./system/src/newlib/_syscalls.o
 *fill*         0x200000c1        0x3 
 .bss.buf.5205  0x200000c4       0x80 ./system/src/diag/Trace.o
 .bss.CAN_RxRdy
                0x20000144        0x1 ./src/CAN.o
                0x20000144                CAN_RxRdy
 *fill*         0x20000145        0x3 
 .bss.CAN_TxRdy
                0x20000148        0x3 ./src/CAN.o
                0x20000148                CAN_TxRdy
 *fill*         0x2000014b        0x1 
 .bss.CAN_filterIdx.5605
                0x2000014c        0x2 ./src/CAN.o
 .bss.GSM_u8TransmissionCompleteFlag
                0x2000014e        0x1 ./src/GSM_program.o
                0x2000014e                GSM_u8TransmissionCompleteFlag
 .bss.GSM_u8USARTChannel
                0x2000014f        0x1 ./src/GSM_program.o
                0x2000014f                GSM_u8USARTChannel
 .bss.task_arr  0x20000150        0x4 ./src/SCH_prog.o
 .bss.x         0x20000154        0x4 ./src/Timer_prog.o
                0x20000154                x
 .bss.Expected_OutputMessage
                0x20000158       0x20 ./src/main.o
                0x20000158                Expected_OutputMessage
 .bss.MessageDigestLength
                0x20000178        0x4 ./src/main.o
                0x20000178                MessageDigestLength
 .bss.u8CharCount
                0x2000017c        0x1 ./src/main.o
                0x2000017c                u8CharCount
 .bss.x.4033    0x2000017d        0x1 ./src/main.o
 *fill*         0x2000017e        0x2 
 .bss.__malloc_free_list
                0x20000180        0x4 e:/arm course/imt_sdk_win_64/winarm/armgcc/bin/../lib/gcc/arm-none-eabi/7.2.1/../../../../arm-none-eabi/lib/thumb/v7-m\libg_nano.a(lib_a-nano-mallocr.o)
                0x20000180                __malloc_free_list
 .bss.__malloc_sbrk_start
                0x20000184        0x4 e:/arm course/imt_sdk_win_64/winarm/armgcc/bin/../lib/gcc/arm-none-eabi/7.2.1/../../../../arm-none-eabi/lib/thumb/v7-m\libg_nano.a(lib_a-nano-mallocr.o)
                0x20000184                __malloc_sbrk_start
 *(COMMON)
 COMMON         0x20000188        0x4 ./system/src/newlib/_syscalls.o
                0x20000188                errno
 COMMON         0x2000018c       0x88 ./src/CAN.o
                0x2000018c                CAN_TxMsg
                0x200001bc                u8MailBox0Flag
                0x200001c0                value_0
                0x200001c8                u8MailBox2Flag
                0x200001cc                value_2
                0x200001d4                u8MailBox1Flag
                0x200001d8                value_1
                0x200001e0                filt_counter
                0x200001e4                CAN_RxMsg
 COMMON         0x20000214        0xc ./src/USART_program.o
                0x20000214                CallbackFunction2
                0x20000218                CallbackFunction1
                0x2000021c                CallbackFunction3
 COMMON         0x20000220       0x21 ./src/main.o
                0x20000220                MessageDigest
                0x20000240                InputMessage
 *(.bss_end .bss_end.*)
 *fill*         0x20000241        0x3 
 .bss_end       0x20000244        0x4 ./system/src/newlib/_startup.o
                0x20000248                . = ALIGN (0x4)
                0x20000248                __bss_end__ = .
                0x20000248                _ebss = .

.noinit_CCMRAM
 *(.noinit.CCMRAM .noinit.CCMRAM.*)

.noinit         0x20000248        0x0
                0x20000248                _noinit = .
 *(.noinit .noinit.*)
                0x20000248                . = ALIGN (0x4)
                0x20000248                _end_noinit = .
                [!provide]                PROVIDE (end, _end_noinit)
                [!provide]                PROVIDE (_end, _end_noinit)
                [!provide]                PROVIDE (__end, _end_noinit)
                [!provide]                PROVIDE (__end__, _end_noinit)

._check_stack   0x20000248      0x100
                0x20000348                . = (. + _Minimum_Stack_Size)
 *fill*         0x20000248      0x100 

.b1text
 *(.b1text)
 *(.b1rodata)
 *(.b1rodata.*)

.eb0text
 *(.eb0text)
 *(.eb0rodata)
 *(.eb0rodata.*)

.eb1text
 *(.eb1text)
 *(.eb1rodata)
 *(.eb1rodata.*)

.eb2text
 *(.eb2text)
 *(.eb2rodata)
 *(.eb2rodata.*)

.eb3text
 *(.eb3text)
 *(.eb3rodata)
 *(.eb3rodata.*)

.stab
 *(.stab)

.stabstr
 *(.stabstr)

.stab.excl
 *(.stab.excl)

.stab.exclstr
 *(.stab.exclstr)

.stab.index
 *(.stab.index)

.stab.indexstr
 *(.stab.indexstr)

.comment        0x00000000      0x39a
 *(.comment)
 .comment       0x00000000       0x7e ./system/src/stm32f1-stdperiph/stm32f10x_rcc.o
                                 0x7f (size before relaxing)
 .comment       0x0000007e       0x7f ./system/src/newlib/_exit.o
 .comment       0x0000007e       0x7f ./system/src/newlib/_sbrk.o
 .comment       0x0000007e       0x7f ./system/src/newlib/_startup.o
 .comment       0x0000007e       0x7f ./system/src/newlib/_syscalls.o
 .comment       0x0000007e       0x7f ./system/src/newlib/assert.o
 .comment       0x0000007e       0x7f ./system/src/diag/Trace.o
 .comment       0x0000007e       0x7f ./system/src/diag/trace_impl.o
 .comment       0x0000007e       0x7f ./system/src/cortexm/_initialize_hardware.o
 .comment       0x0000007e       0x7f ./system/src/cortexm/exception_handlers.o
 .comment       0x0000007e       0x7f ./system/src/cmsis/system_stm32f10x.o
 .comment       0x0000007e       0x7f ./system/src/cmsis/vectors_stm32f10x.o
 .comment       0x0000007e       0x7f ./src/AFIO_program.o
 .comment       0x0000007e       0x7f ./src/Application.o
 .comment       0x0000007e       0x7f ./src/CAN.o
 .comment       0x0000007e       0x7f ./src/CANHANDLER_prog.o
 .comment       0x0000007e       0x7f ./src/DIO_prog.o
 .comment       0x0000007e       0x7f ./src/DMA_program.o
 .comment       0x0000007e       0x7f ./src/GSM_program.o
 .comment       0x0000007e       0x7f ./src/NVIC_prog.o
 .comment       0x0000007e       0x7f ./src/RCC_prog.o
 .comment       0x0000007e       0x7f ./src/SCB_prog.o
 .comment       0x0000007e       0x7f ./src/SCH_prog.o
 .comment       0x0000007e       0x7f ./src/SYSTICK_prog.o
 .comment       0x0000007e       0x7f ./src/Timer_prog.o
 .comment       0x0000007e       0x7f ./src/USART_program.o
 .comment       0x0000007e       0x7f ./src/main.o
 .comment       0x0000007e      0x31c ../ldscripts\M3_CryptoFW_2_0_6.lib(crypto.o)

.ARM.attributes
                0x00000000       0x33
 .ARM.attributes
                0x00000000       0x33 ./system/src/stm32f1-stdperiph/stm32f10x_rcc.o
 .ARM.attributes
                0x00000033       0x33 ./system/src/newlib/_exit.o
 .ARM.attributes
                0x00000066       0x33 ./system/src/newlib/_sbrk.o
 .ARM.attributes
                0x00000099       0x33 ./system/src/newlib/_startup.o
 .ARM.attributes
                0x000000cc       0x33 ./system/src/newlib/_syscalls.o
 .ARM.attributes
                0x000000ff       0x33 ./system/src/newlib/assert.o
 .ARM.attributes
                0x00000132       0x33 ./system/src/diag/Trace.o
 .ARM.attributes
                0x00000165       0x33 ./system/src/diag/trace_impl.o
 .ARM.attributes
                0x00000198       0x33 ./system/src/cortexm/_initialize_hardware.o
 .ARM.attributes
                0x000001cb       0x33 ./system/src/cortexm/exception_handlers.o
 .ARM.attributes
                0x000001fe       0x33 ./system/src/cmsis/system_stm32f10x.o
 .ARM.attributes
                0x00000231       0x33 ./system/src/cmsis/vectors_stm32f10x.o
 .ARM.attributes
                0x00000264       0x33 ./src/AFIO_program.o
 .ARM.attributes
                0x00000297       0x33 ./src/Application.o
 .ARM.attributes
                0x000002ca       0x33 ./src/CAN.o
 .ARM.attributes
                0x000002fd       0x33 ./src/CANHANDLER_prog.o
 .ARM.attributes
                0x00000330       0x33 ./src/DIO_prog.o
 .ARM.attributes
                0x00000363       0x33 ./src/DMA_program.o
 .ARM.attributes
                0x00000396       0x33 ./src/GSM_program.o
 .ARM.attributes
                0x000003c9       0x33 ./src/NVIC_prog.o
 .ARM.attributes
                0x000003fc       0x33 ./src/RCC_prog.o
 .ARM.attributes
                0x0000042f       0x33 ./src/SCB_prog.o
 .ARM.attributes
                0x00000462       0x33 ./src/SCH_prog.o
 .ARM.attributes
                0x00000495       0x33 ./src/SYSTICK_prog.o
 .ARM.attributes
                0x000004c8       0x33 ./src/Timer_prog.o
 .ARM.attributes
                0x000004fb       0x33 ./src/USART_program.o
 .ARM.attributes
                0x0000052e       0x33 ./src/main.o
 .ARM.attributes
                0x00000561       0x1d e:/arm course/imt_sdk_win_64/winarm/armgcc/bin/../lib/gcc/arm-none-eabi/7.2.1/thumb/v7-m\libgcc.a(_arm_addsubdf3.o)
 .ARM.attributes
                0x0000057e       0x1d e:/arm course/imt_sdk_win_64/winarm/armgcc/bin/../lib/gcc/arm-none-eabi/7.2.1/thumb/v7-m\libgcc.a(_arm_muldivdf3.o)
 .ARM.attributes
                0x0000059b       0x1d e:/arm course/imt_sdk_win_64/winarm/armgcc/bin/../lib/gcc/arm-none-eabi/7.2.1/thumb/v7-m\libgcc.a(_arm_fixunsdfsi.o)
 .ARM.attributes
                0x000005b8       0x2d e:/arm course/imt_sdk_win_64/winarm/armgcc/bin/../lib/gcc/arm-none-eabi/7.2.1/../../../../arm-none-eabi/lib/thumb/v7-m\libg_nano.a(lib_a-errno.o)
 .ARM.attributes
                0x000005e5       0x2d e:/arm course/imt_sdk_win_64/winarm/armgcc/bin/../lib/gcc/arm-none-eabi/7.2.1/../../../../arm-none-eabi/lib/thumb/v7-m\libg_nano.a(lib_a-impure.o)
 .ARM.attributes
                0x00000612       0x2d e:/arm course/imt_sdk_win_64/winarm/armgcc/bin/../lib/gcc/arm-none-eabi/7.2.1/../../../../arm-none-eabi/lib/thumb/v7-m\libg_nano.a(lib_a-memcpy-stub.o)
 .ARM.attributes
                0x0000063f       0x2d e:/arm course/imt_sdk_win_64/winarm/armgcc/bin/../lib/gcc/arm-none-eabi/7.2.1/../../../../arm-none-eabi/lib/thumb/v7-m\libg_nano.a(lib_a-memset.o)
 .ARM.attributes
                0x0000066c       0x17 e:/arm course/imt_sdk_win_64/winarm/armgcc/bin/../lib/gcc/arm-none-eabi/7.2.1/../../../../arm-none-eabi/lib/thumb/v7-m\libg_nano.a(lib_a-strlen.o)
 .ARM.attributes
                0x00000683       0x2d e:/arm course/imt_sdk_win_64/winarm/armgcc/bin/../lib/gcc/arm-none-eabi/7.2.1/../../../../arm-none-eabi/lib/thumb/v7-m\libg_nano.a(lib_a-vsnprintf.o)
 .ARM.attributes
                0x000006b0       0x2d e:/arm course/imt_sdk_win_64/winarm/armgcc/bin/../lib/gcc/arm-none-eabi/7.2.1/../../../../arm-none-eabi/lib/thumb/v7-m\libg_nano.a(lib_a-nano-svfprintf.o)
 .ARM.attributes
                0x000006dd       0x2d e:/arm course/imt_sdk_win_64/winarm/armgcc/bin/../lib/gcc/arm-none-eabi/7.2.1/../../../../arm-none-eabi/lib/thumb/v7-m\libg_nano.a(lib_a-nano-vfprintf_i.o)
 .ARM.attributes
                0x0000070a       0x2d e:/arm course/imt_sdk_win_64/winarm/armgcc/bin/../lib/gcc/arm-none-eabi/7.2.1/../../../../arm-none-eabi/lib/thumb/v7-m\libg_nano.a(lib_a-memchr-stub.o)
 .ARM.attributes
                0x00000737       0x2d e:/arm course/imt_sdk_win_64/winarm/armgcc/bin/../lib/gcc/arm-none-eabi/7.2.1/../../../../arm-none-eabi/lib/thumb/v7-m\libg_nano.a(lib_a-memmove.o)
 .ARM.attributes
                0x00000764       0x2d e:/arm course/imt_sdk_win_64/winarm/armgcc/bin/../lib/gcc/arm-none-eabi/7.2.1/../../../../arm-none-eabi/lib/thumb/v7-m\libg_nano.a(lib_a-nano-freer.o)
 .ARM.attributes
                0x00000791       0x2d e:/arm course/imt_sdk_win_64/winarm/armgcc/bin/../lib/gcc/arm-none-eabi/7.2.1/../../../../arm-none-eabi/lib/thumb/v7-m\libg_nano.a(lib_a-nano-mallocr.o)
 .ARM.attributes
                0x000007be       0x2d e:/arm course/imt_sdk_win_64/winarm/armgcc/bin/../lib/gcc/arm-none-eabi/7.2.1/../../../../arm-none-eabi/lib/thumb/v7-m\libg_nano.a(lib_a-nano-reallocr.o)
 .ARM.attributes
                0x000007eb       0x2d e:/arm course/imt_sdk_win_64/winarm/armgcc/bin/../lib/gcc/arm-none-eabi/7.2.1/../../../../arm-none-eabi/lib/thumb/v7-m\libg_nano.a(lib_a-sbrkr.o)
 .ARM.attributes
                0x00000818       0x2d e:/arm course/imt_sdk_win_64/winarm/armgcc/bin/../lib/gcc/arm-none-eabi/7.2.1/../../../../arm-none-eabi/lib/thumb/v7-m\libg_nano.a(lib_a-mlock.o)
 .ARM.attributes
                0x00000845       0x2d e:/arm course/imt_sdk_win_64/winarm/armgcc/bin/../lib/gcc/arm-none-eabi/7.2.1/../../../../arm-none-eabi/lib/thumb/v7-m\libg_nano.a(lib_a-nano-msizer.o)
 .ARM.attributes
                0x00000872      0x2f0 ../ldscripts\M3_CryptoFW_2_0_6.lib(crypto.o)

.arm_vfe_header
                0x00000000        0x4
 .arm_vfe_header
                0x00000000        0x4 ../ldscripts\M3_CryptoFW_2_0_6.lib(crypto.o)

.debug
 *(.debug)

.line
 *(.line)

.debug_srcinfo
 *(.debug_srcinfo)

.debug_sfnames
 *(.debug_sfnames)

.debug_aranges  0x00000000      0x7c8
 *(.debug_aranges)
 .debug_aranges
                0x00000000      0x118 ./system/src/stm32f1-stdperiph/stm32f10x_rcc.o
 .debug_aranges
                0x00000118       0x28 ./system/src/newlib/_exit.o
 .debug_aranges
                0x00000140       0x20 ./system/src/newlib/_sbrk.o
 .debug_aranges
                0x00000160       0x40 ./system/src/newlib/_startup.o
 .debug_aranges
                0x000001a0       0x30 ./system/src/newlib/_syscalls.o
 .debug_aranges
                0x000001d0       0x28 ./system/src/newlib/assert.o
 .debug_aranges
                0x000001f8       0x38 ./system/src/diag/Trace.o
 .debug_aranges
                0x00000230       0x30 ./system/src/diag/trace_impl.o
 .debug_aranges
                0x00000260       0x28 ./system/src/cortexm/_initialize_hardware.o
 .debug_aranges
                0x00000288       0x88 ./system/src/cortexm/exception_handlers.o
 .debug_aranges
                0x00000310       0x38 ./system/src/cmsis/system_stm32f10x.o
 .debug_aranges
                0x00000348       0x20 ./system/src/cmsis/vectors_stm32f10x.o
 .debug_aranges
                0x00000368       0x20 ./src/AFIO_program.o
 .debug_aranges
                0x00000388       0x58 ./src/Application.o
 .debug_aranges
                0x000003e0       0x78 ./src/CAN.o
 .debug_aranges
                0x00000458       0x28 ./src/CANHANDLER_prog.o
 .debug_aranges
                0x00000480       0x30 ./src/DIO_prog.o
 .debug_aranges
                0x000004b0       0x58 ./src/DMA_program.o
 .debug_aranges
                0x00000508       0x90 ./src/GSM_program.o
 .debug_aranges
                0x00000598       0x50 ./src/NVIC_prog.o
 .debug_aranges
                0x000005e8       0x40 ./src/RCC_prog.o
 .debug_aranges
                0x00000628       0x30 ./src/SCB_prog.o
 .debug_aranges
                0x00000658       0x48 ./src/SCH_prog.o
 .debug_aranges
                0x000006a0       0x40 ./src/SYSTICK_prog.o
 .debug_aranges
                0x000006e0       0x38 ./src/Timer_prog.o
 .debug_aranges
                0x00000718       0x88 ./src/USART_program.o
 .debug_aranges
                0x000007a0       0x28 ./src/main.o

.debug_pubnames
 *(.debug_pubnames)

.debug_info     0x00000000     0xaed9
 *(.debug_info .gnu.linkonce.wi.*)
 .debug_info    0x00000000      0xc77 ./system/src/stm32f1-stdperiph/stm32f10x_rcc.o
 .debug_info    0x00000c77      0x956 ./system/src/newlib/_exit.o
 .debug_info    0x000015cd      0x942 ./system/src/newlib/_sbrk.o
 .debug_info    0x00001f0f      0x42e ./system/src/newlib/_startup.o
 .debug_info    0x0000233d      0xa19 ./system/src/newlib/_syscalls.o
 .debug_info    0x00002d56      0x9ff ./system/src/newlib/assert.o
 .debug_info    0x00003755      0xb2a ./system/src/diag/Trace.o
 .debug_info    0x0000427f      0x363 ./system/src/diag/trace_impl.o
 .debug_info    0x000045e2      0x2b5 ./system/src/cortexm/_initialize_hardware.o
 .debug_info    0x00004897     0x112e ./system/src/cortexm/exception_handlers.o
 .debug_info    0x000059c5      0x494 ./system/src/cmsis/system_stm32f10x.o
 .debug_info    0x00005e59       0xca ./system/src/cmsis/vectors_stm32f10x.o
 .debug_info    0x00005f23       0x7e ./src/AFIO_program.o
 .debug_info    0x00005fa1      0x730 ./src/Application.o
 .debug_info    0x000066d1      0xee1 ./src/CAN.o
 .debug_info    0x000075b2      0x26e ./src/CANHANDLER_prog.o
 .debug_info    0x00007820      0x223 ./src/DIO_prog.o
 .debug_info    0x00007a43      0x4ed ./src/DMA_program.o
 .debug_info    0x00007f30     0x157d ./src/GSM_program.o
 .debug_info    0x000094ad      0x18b ./src/NVIC_prog.o
 .debug_info    0x00009638      0x12a ./src/RCC_prog.o
 .debug_info    0x00009762      0x1ad ./src/SCB_prog.o
 .debug_info    0x0000990f      0x234 ./src/SCH_prog.o
 .debug_info    0x00009b43      0x124 ./src/SYSTICK_prog.o
 .debug_info    0x00009c67       0xdf ./src/Timer_prog.o
 .debug_info    0x00009d46      0x5e4 ./src/USART_program.o
 .debug_info    0x0000a32a      0xbaf ./src/main.o

.debug_abbrev   0x00000000     0x2aad
 *(.debug_abbrev)
 .debug_abbrev  0x00000000      0x20b ./system/src/stm32f1-stdperiph/stm32f10x_rcc.o
 .debug_abbrev  0x0000020b      0x1f3 ./system/src/newlib/_exit.o
 .debug_abbrev  0x000003fe      0x1fc ./system/src/newlib/_sbrk.o
 .debug_abbrev  0x000005fa      0x1b3 ./system/src/newlib/_startup.o
 .debug_abbrev  0x000007ad      0x234 ./system/src/newlib/_syscalls.o
 .debug_abbrev  0x000009e1      0x1f3 ./system/src/newlib/assert.o
 .debug_abbrev  0x00000bd4      0x276 ./system/src/diag/Trace.o
 .debug_abbrev  0x00000e4a      0x1e2 ./system/src/diag/trace_impl.o
 .debug_abbrev  0x0000102c       0xea ./system/src/cortexm/_initialize_hardware.o
 .debug_abbrev  0x00001116      0x32b ./system/src/cortexm/exception_handlers.o
 .debug_abbrev  0x00001441      0x177 ./system/src/cmsis/system_stm32f10x.o
 .debug_abbrev  0x000015b8       0x9d ./system/src/cmsis/vectors_stm32f10x.o
 .debug_abbrev  0x00001655       0x47 ./src/AFIO_program.o
 .debug_abbrev  0x0000169c      0x248 ./src/Application.o
 .debug_abbrev  0x000018e4      0x2eb ./src/CAN.o
 .debug_abbrev  0x00001bcf      0x102 ./src/CANHANDLER_prog.o
 .debug_abbrev  0x00001cd1       0xfd ./src/DIO_prog.o
 .debug_abbrev  0x00001dce      0x1bd ./src/DMA_program.o
 .debug_abbrev  0x00001f8b      0x266 ./src/GSM_program.o
 .debug_abbrev  0x000021f1       0xc4 ./src/NVIC_prog.o
 .debug_abbrev  0x000022b5       0x9b ./src/RCC_prog.o
 .debug_abbrev  0x00002350       0xdf ./src/SCB_prog.o
 .debug_abbrev  0x0000242f      0x12a ./src/SCH_prog.o
 .debug_abbrev  0x00002559       0xd7 ./src/SYSTICK_prog.o
 .debug_abbrev  0x00002630       0x9a ./src/Timer_prog.o
 .debug_abbrev  0x000026ca      0x21b ./src/USART_program.o
 .debug_abbrev  0x000028e5      0x1c8 ./src/main.o

.debug_line     0x00000000     0x4d73
 *(.debug_line)
 .debug_line    0x00000000      0x869 ./system/src/stm32f1-stdperiph/stm32f10x_rcc.o
 .debug_line    0x00000869      0x323 ./system/src/newlib/_exit.o
 .debug_line    0x00000b8c      0x2d7 ./system/src/newlib/_sbrk.o
 .debug_line    0x00000e63      0x391 ./system/src/newlib/_startup.o
 .debug_line    0x000011f4      0x3e2 ./system/src/newlib/_syscalls.o
 .debug_line    0x000015d6      0x35e ./system/src/newlib/assert.o
 .debug_line    0x00001934      0x39f ./system/src/diag/Trace.o
 .debug_line    0x00001cd3      0x60c ./system/src/diag/trace_impl.o
 .debug_line    0x000022df      0x369 ./system/src/cortexm/_initialize_hardware.o
 .debug_line    0x00002648      0x6ca ./system/src/cortexm/exception_handlers.o
 .debug_line    0x00002d12      0x3dc ./system/src/cmsis/system_stm32f10x.o
 .debug_line    0x000030ee       0xf5 ./system/src/cmsis/vectors_stm32f10x.o
 .debug_line    0x000031e3       0xa3 ./src/AFIO_program.o
 .debug_line    0x00003286      0x285 ./src/Application.o
 .debug_line    0x0000350b      0x4d7 ./src/CAN.o
 .debug_line    0x000039e2      0x107 ./src/CANHANDLER_prog.o
 .debug_line    0x00003ae9      0x146 ./src/DIO_prog.o
 .debug_line    0x00003c2f      0x148 ./src/DMA_program.o
 .debug_line    0x00003d77      0x4c6 ./src/GSM_program.o
 .debug_line    0x0000423d      0x107 ./src/NVIC_prog.o
 .debug_line    0x00004344      0x119 ./src/RCC_prog.o
 .debug_line    0x0000445d       0xa3 ./src/SCB_prog.o
 .debug_line    0x00004500      0x113 ./src/SCH_prog.o
 .debug_line    0x00004613       0xdb ./src/SYSTICK_prog.o
 .debug_line    0x000046ee       0xf2 ./src/Timer_prog.o
 .debug_line    0x000047e0      0x285 ./src/USART_program.o
 .debug_line    0x00004a65      0x30e ./src/main.o

.debug_frame    0x00000000     0x5f6c
 *(.debug_frame)
 .debug_frame   0x00000000      0x320 ./system/src/stm32f1-stdperiph/stm32f10x_rcc.o
 .debug_frame   0x00000320       0x38 ./system/src/newlib/_exit.o
 .debug_frame   0x00000358       0x28 ./system/src/newlib/_sbrk.o
 .debug_frame   0x00000380       0x7c ./system/src/newlib/_startup.o
 .debug_frame   0x000003fc       0x50 ./system/src/newlib/_syscalls.o
 .debug_frame   0x0000044c       0x40 ./system/src/newlib/assert.o
 .debug_frame   0x0000048c       0x94 ./system/src/diag/Trace.o
 .debug_frame   0x00000520       0x64 ./system/src/diag/trace_impl.o
 .debug_frame   0x00000584       0x40 ./system/src/cortexm/_initialize_hardware.o
 .debug_frame   0x000005c4      0x148 ./system/src/cortexm/exception_handlers.o
 .debug_frame   0x0000070c       0x6c ./system/src/cmsis/system_stm32f10x.o
 .debug_frame   0x00000778       0x20 ./system/src/cmsis/vectors_stm32f10x.o
 .debug_frame   0x00000798       0x20 ./src/AFIO_program.o
 .debug_frame   0x000007b8      0x118 ./src/Application.o
 .debug_frame   0x000008d0      0x120 ./src/CAN.o
 .debug_frame   0x000009f0       0x40 ./src/CANHANDLER_prog.o
 .debug_frame   0x00000a30       0x54 ./src/DIO_prog.o
 .debug_frame   0x00000a84       0xbc ./src/DMA_program.o
 .debug_frame   0x00000b40      0x208 ./src/GSM_program.o
 .debug_frame   0x00000d48       0x80 ./src/NVIC_prog.o
 .debug_frame   0x00000dc8       0x60 ./src/RCC_prog.o
 .debug_frame   0x00000e28       0x40 ./src/SCB_prog.o
 .debug_frame   0x00000e68       0x84 ./src/SCH_prog.o
 .debug_frame   0x00000eec       0x68 ./src/SYSTICK_prog.o
 .debug_frame   0x00000f54       0x58 ./src/Timer_prog.o
 .debug_frame   0x00000fac      0x150 ./src/USART_program.o
 .debug_frame   0x000010fc       0x4c ./src/main.o
 .debug_frame   0x00001148       0xac e:/arm course/imt_sdk_win_64/winarm/armgcc/bin/../lib/gcc/arm-none-eabi/7.2.1/thumb/v7-m\libgcc.a(_arm_addsubdf3.o)
 .debug_frame   0x000011f4       0x50 e:/arm course/imt_sdk_win_64/winarm/armgcc/bin/../lib/gcc/arm-none-eabi/7.2.1/thumb/v7-m\libgcc.a(_arm_muldivdf3.o)
 .debug_frame   0x00001244       0x24 e:/arm course/imt_sdk_win_64/winarm/armgcc/bin/../lib/gcc/arm-none-eabi/7.2.1/thumb/v7-m\libgcc.a(_arm_fixunsdfsi.o)
 .debug_frame   0x00001268       0x20 e:/arm course/imt_sdk_win_64/winarm/armgcc/bin/../lib/gcc/arm-none-eabi/7.2.1/../../../../arm-none-eabi/lib/thumb/v7-m\libg_nano.a(lib_a-errno.o)
 .debug_frame   0x00001288       0x28 e:/arm course/imt_sdk_win_64/winarm/armgcc/bin/../lib/gcc/arm-none-eabi/7.2.1/../../../../arm-none-eabi/lib/thumb/v7-m\libg_nano.a(lib_a-memcpy-stub.o)
 .debug_frame   0x000012b0       0x20 e:/arm course/imt_sdk_win_64/winarm/armgcc/bin/../lib/gcc/arm-none-eabi/7.2.1/../../../../arm-none-eabi/lib/thumb/v7-m\libg_nano.a(lib_a-memset.o)
 .debug_frame   0x000012d0       0x4c e:/arm course/imt_sdk_win_64/winarm/armgcc/bin/../lib/gcc/arm-none-eabi/7.2.1/../../../../arm-none-eabi/lib/thumb/v7-m\libg_nano.a(lib_a-vsnprintf.o)
 .debug_frame   0x0000131c       0x90 e:/arm course/imt_sdk_win_64/winarm/armgcc/bin/../lib/gcc/arm-none-eabi/7.2.1/../../../../arm-none-eabi/lib/thumb/v7-m\libg_nano.a(lib_a-nano-svfprintf.o)
 .debug_frame   0x000013ac       0x60 e:/arm course/imt_sdk_win_64/winarm/armgcc/bin/../lib/gcc/arm-none-eabi/7.2.1/../../../../arm-none-eabi/lib/thumb/v7-m\libg_nano.a(lib_a-nano-vfprintf_i.o)
 .debug_frame   0x0000140c       0x28 e:/arm course/imt_sdk_win_64/winarm/armgcc/bin/../lib/gcc/arm-none-eabi/7.2.1/../../../../arm-none-eabi/lib/thumb/v7-m\libg_nano.a(lib_a-memchr-stub.o)
 .debug_frame   0x00001434       0x28 e:/arm course/imt_sdk_win_64/winarm/armgcc/bin/../lib/gcc/arm-none-eabi/7.2.1/../../../../arm-none-eabi/lib/thumb/v7-m\libg_nano.a(lib_a-memmove.o)
 .debug_frame   0x0000145c       0x38 e:/arm course/imt_sdk_win_64/winarm/armgcc/bin/../lib/gcc/arm-none-eabi/7.2.1/../../../../arm-none-eabi/lib/thumb/v7-m\libg_nano.a(lib_a-nano-freer.o)
 .debug_frame   0x00001494       0x2c e:/arm course/imt_sdk_win_64/winarm/armgcc/bin/../lib/gcc/arm-none-eabi/7.2.1/../../../../arm-none-eabi/lib/thumb/v7-m\libg_nano.a(lib_a-nano-mallocr.o)
 .debug_frame   0x000014c0       0x3c e:/arm course/imt_sdk_win_64/winarm/armgcc/bin/../lib/gcc/arm-none-eabi/7.2.1/../../../../arm-none-eabi/lib/thumb/v7-m\libg_nano.a(lib_a-nano-reallocr.o)
 .debug_frame   0x000014fc       0x2c e:/arm course/imt_sdk_win_64/winarm/armgcc/bin/../lib/gcc/arm-none-eabi/7.2.1/../../../../arm-none-eabi/lib/thumb/v7-m\libg_nano.a(lib_a-sbrkr.o)
 .debug_frame   0x00001528       0x30 e:/arm course/imt_sdk_win_64/winarm/armgcc/bin/../lib/gcc/arm-none-eabi/7.2.1/../../../../arm-none-eabi/lib/thumb/v7-m\libg_nano.a(lib_a-mlock.o)
 .debug_frame   0x00001558       0x20 e:/arm course/imt_sdk_win_64/winarm/armgcc/bin/../lib/gcc/arm-none-eabi/7.2.1/../../../../arm-none-eabi/lib/thumb/v7-m\libg_nano.a(lib_a-nano-msizer.o)
 .debug_frame   0x00001578       0x44 ../ldscripts\M3_CryptoFW_2_0_6.lib(crypto.o)
 .debug_frame   0x000015bc       0x44 ../ldscripts\M3_CryptoFW_2_0_6.lib(crypto.o)
 .debug_frame   0x00001600       0x5c ../ldscripts\M3_CryptoFW_2_0_6.lib(crypto.o)
 .debug_frame   0x0000165c       0x68 ../ldscripts\M3_CryptoFW_2_0_6.lib(crypto.o)
 .debug_frame   0x000016c4       0x5c ../ldscripts\M3_CryptoFW_2_0_6.lib(crypto.o)
 .debug_frame   0x00001720       0x54 ../ldscripts\M3_CryptoFW_2_0_6.lib(crypto.o)
 .debug_frame   0x00001774       0x54 ../ldscripts\M3_CryptoFW_2_0_6.lib(crypto.o)
 .debug_frame   0x000017c8       0x54 ../ldscripts\M3_CryptoFW_2_0_6.lib(crypto.o)
 .debug_frame   0x0000181c       0x64 ../ldscripts\M3_CryptoFW_2_0_6.lib(crypto.o)
 .debug_frame   0x00001880       0x64 ../ldscripts\M3_CryptoFW_2_0_6.lib(crypto.o)
 .debug_frame   0x000018e4       0x64 ../ldscripts\M3_CryptoFW_2_0_6.lib(crypto.o)
 .debug_frame   0x00001948       0x64 ../ldscripts\M3_CryptoFW_2_0_6.lib(crypto.o)
 .debug_frame   0x000019ac       0x64 ../ldscripts\M3_CryptoFW_2_0_6.lib(crypto.o)
 .debug_frame   0x00001a10       0x64 ../ldscripts\M3_CryptoFW_2_0_6.lib(crypto.o)
 .debug_frame   0x00001a74       0x60 ../ldscripts\M3_CryptoFW_2_0_6.lib(crypto.o)
 .debug_frame   0x00001ad4       0x44 ../ldscripts\M3_CryptoFW_2_0_6.lib(crypto.o)
 .debug_frame   0x00001b18       0x68 ../ldscripts\M3_CryptoFW_2_0_6.lib(crypto.o)
 .debug_frame   0x00001b80       0x44 ../ldscripts\M3_CryptoFW_2_0_6.lib(crypto.o)
 .debug_frame   0x00001bc4       0x44 ../ldscripts\M3_CryptoFW_2_0_6.lib(crypto.o)
 .debug_frame   0x00001c08       0x68 ../ldscripts\M3_CryptoFW_2_0_6.lib(crypto.o)
 .debug_frame   0x00001c70       0x44 ../ldscripts\M3_CryptoFW_2_0_6.lib(crypto.o)
 .debug_frame   0x00001cb4       0x44 ../ldscripts\M3_CryptoFW_2_0_6.lib(crypto.o)
 .debug_frame   0x00001cf8       0x6c ../ldscripts\M3_CryptoFW_2_0_6.lib(crypto.o)
 .debug_frame   0x00001d64       0x44 ../ldscripts\M3_CryptoFW_2_0_6.lib(crypto.o)
 .debug_frame   0x00001da8       0x44 ../ldscripts\M3_CryptoFW_2_0_6.lib(crypto.o)
 .debug_frame   0x00001dec       0x6c ../ldscripts\M3_CryptoFW_2_0_6.lib(crypto.o)
 .debug_frame   0x00001e58       0x44 ../ldscripts\M3_CryptoFW_2_0_6.lib(crypto.o)
 .debug_frame   0x00001e9c       0x44 ../ldscripts\M3_CryptoFW_2_0_6.lib(crypto.o)
 .debug_frame   0x00001ee0       0x68 ../ldscripts\M3_CryptoFW_2_0_6.lib(crypto.o)
 .debug_frame   0x00001f48       0x44 ../ldscripts\M3_CryptoFW_2_0_6.lib(crypto.o)
 .debug_frame   0x00001f8c       0x44 ../ldscripts\M3_CryptoFW_2_0_6.lib(crypto.o)
 .debug_frame   0x00001fd0       0x4c ../ldscripts\M3_CryptoFW_2_0_6.lib(crypto.o)
 .debug_frame   0x0000201c       0x44 ../ldscripts\M3_CryptoFW_2_0_6.lib(crypto.o)
 .debug_frame   0x00002060       0x6c ../ldscripts\M3_CryptoFW_2_0_6.lib(crypto.o)
 .debug_frame   0x000020cc       0x64 ../ldscripts\M3_CryptoFW_2_0_6.lib(crypto.o)
 .debug_frame   0x00002130       0x64 ../ldscripts\M3_CryptoFW_2_0_6.lib(crypto.o)
 .debug_frame   0x00002194       0x68 ../ldscripts\M3_CryptoFW_2_0_6.lib(crypto.o)
 .debug_frame   0x000021fc       0x54 ../ldscripts\M3_CryptoFW_2_0_6.lib(crypto.o)
 .debug_frame   0x00002250       0x6c ../ldscripts\M3_CryptoFW_2_0_6.lib(crypto.o)
 .debug_frame   0x000022bc       0x44 ../ldscripts\M3_CryptoFW_2_0_6.lib(crypto.o)
 .debug_frame   0x00002300       0x44 ../ldscripts\M3_CryptoFW_2_0_6.lib(crypto.o)
 .debug_frame   0x00002344       0x54 ../ldscripts\M3_CryptoFW_2_0_6.lib(crypto.o)
 .debug_frame   0x00002398       0x44 ../ldscripts\M3_CryptoFW_2_0_6.lib(crypto.o)
 .debug_frame   0x000023dc       0x68 ../ldscripts\M3_CryptoFW_2_0_6.lib(crypto.o)
 .debug_frame   0x00002444       0x58 ../ldscripts\M3_CryptoFW_2_0_6.lib(crypto.o)
 .debug_frame   0x0000249c       0x68 ../ldscripts\M3_CryptoFW_2_0_6.lib(crypto.o)
 .debug_frame   0x00002504       0x5c ../ldscripts\M3_CryptoFW_2_0_6.lib(crypto.o)
 .debug_frame   0x00002560       0x44 ../ldscripts\M3_CryptoFW_2_0_6.lib(crypto.o)
 .debug_frame   0x000025a4       0x68 ../ldscripts\M3_CryptoFW_2_0_6.lib(crypto.o)
 .debug_frame   0x0000260c       0x68 ../ldscripts\M3_CryptoFW_2_0_6.lib(crypto.o)
 .debug_frame   0x00002674       0x4c ../ldscripts\M3_CryptoFW_2_0_6.lib(crypto.o)
 .debug_frame   0x000026c0       0x6c ../ldscripts\M3_CryptoFW_2_0_6.lib(crypto.o)
 .debug_frame   0x0000272c       0x50 ../ldscripts\M3_CryptoFW_2_0_6.lib(crypto.o)
 .debug_frame   0x0000277c       0x4c ../ldscripts\M3_CryptoFW_2_0_6.lib(crypto.o)
 .debug_frame   0x000027c8       0x44 ../ldscripts\M3_CryptoFW_2_0_6.lib(crypto.o)
 .debug_frame   0x0000280c       0x5c ../ldscripts\M3_CryptoFW_2_0_6.lib(crypto.o)
 .debug_frame   0x00002868       0x44 ../ldscripts\M3_CryptoFW_2_0_6.lib(crypto.o)
 .debug_frame   0x000028ac       0x70 ../ldscripts\M3_CryptoFW_2_0_6.lib(crypto.o)
 .debug_frame   0x0000291c       0x44 ../ldscripts\M3_CryptoFW_2_0_6.lib(crypto.o)
 .debug_frame   0x00002960       0x44 ../ldscripts\M3_CryptoFW_2_0_6.lib(crypto.o)
 .debug_frame   0x000029a4       0x70 ../ldscripts\M3_CryptoFW_2_0_6.lib(crypto.o)
 .debug_frame   0x00002a14       0x44 ../ldscripts\M3_CryptoFW_2_0_6.lib(crypto.o)
 .debug_frame   0x00002a58       0x60 ../ldscripts\M3_CryptoFW_2_0_6.lib(crypto.o)
 .debug_frame   0x00002ab8       0x64 ../ldscripts\M3_CryptoFW_2_0_6.lib(crypto.o)
 .debug_frame   0x00002b1c       0x58 ../ldscripts\M3_CryptoFW_2_0_6.lib(crypto.o)
 .debug_frame   0x00002b74       0x44 ../ldscripts\M3_CryptoFW_2_0_6.lib(crypto.o)
 .debug_frame   0x00002bb8       0x68 ../ldscripts\M3_CryptoFW_2_0_6.lib(crypto.o)
 .debug_frame   0x00002c20       0x44 ../ldscripts\M3_CryptoFW_2_0_6.lib(crypto.o)
 .debug_frame   0x00002c64       0x44 ../ldscripts\M3_CryptoFW_2_0_6.lib(crypto.o)
 .debug_frame   0x00002ca8       0x68 ../ldscripts\M3_CryptoFW_2_0_6.lib(crypto.o)
 .debug_frame   0x00002d10       0x44 ../ldscripts\M3_CryptoFW_2_0_6.lib(crypto.o)
 .debug_frame   0x00002d54       0x44 ../ldscripts\M3_CryptoFW_2_0_6.lib(crypto.o)
 .debug_frame   0x00002d98       0x58 ../ldscripts\M3_CryptoFW_2_0_6.lib(crypto.o)
 .debug_frame   0x00002df0       0x44 ../ldscripts\M3_CryptoFW_2_0_6.lib(crypto.o)
 .debug_frame   0x00002e34       0x44 ../ldscripts\M3_CryptoFW_2_0_6.lib(crypto.o)
 .debug_frame   0x00002e78       0x68 ../ldscripts\M3_CryptoFW_2_0_6.lib(crypto.o)
 .debug_frame   0x00002ee0       0x44 ../ldscripts\M3_CryptoFW_2_0_6.lib(crypto.o)
 .debug_frame   0x00002f24       0x58 ../ldscripts\M3_CryptoFW_2_0_6.lib(crypto.o)
 .debug_frame   0x00002f7c       0x44 ../ldscripts\M3_CryptoFW_2_0_6.lib(crypto.o)
 .debug_frame   0x00002fc0       0x68 ../ldscripts\M3_CryptoFW_2_0_6.lib(crypto.o)
 .debug_frame   0x00003028       0x44 ../ldscripts\M3_CryptoFW_2_0_6.lib(crypto.o)
 .debug_frame   0x0000306c       0x44 ../ldscripts\M3_CryptoFW_2_0_6.lib(crypto.o)
 .debug_frame   0x000030b0       0x68 ../ldscripts\M3_CryptoFW_2_0_6.lib(crypto.o)
 .debug_frame   0x00003118       0x44 ../ldscripts\M3_CryptoFW_2_0_6.lib(crypto.o)
 .debug_frame   0x0000315c       0x44 ../ldscripts\M3_CryptoFW_2_0_6.lib(crypto.o)
 .debug_frame   0x000031a0       0x58 ../ldscripts\M3_CryptoFW_2_0_6.lib(crypto.o)
 .debug_frame   0x000031f8       0x44 ../ldscripts\M3_CryptoFW_2_0_6.lib(crypto.o)
 .debug_frame   0x0000323c       0x44 ../ldscripts\M3_CryptoFW_2_0_6.lib(crypto.o)
 .debug_frame   0x00003280       0x68 ../ldscripts\M3_CryptoFW_2_0_6.lib(crypto.o)
 .debug_frame   0x000032e8       0x44 ../ldscripts\M3_CryptoFW_2_0_6.lib(crypto.o)
 .debug_frame   0x0000332c       0x5c ../ldscripts\M3_CryptoFW_2_0_6.lib(crypto.o)
 .debug_frame   0x00003388       0x7c ../ldscripts\M3_CryptoFW_2_0_6.lib(crypto.o)
 .debug_frame   0x00003404       0x44 ../ldscripts\M3_CryptoFW_2_0_6.lib(crypto.o)
 .debug_frame   0x00003448       0x60 ../ldscripts\M3_CryptoFW_2_0_6.lib(crypto.o)
 .debug_frame   0x000034a8       0x4c ../ldscripts\M3_CryptoFW_2_0_6.lib(crypto.o)
 .debug_frame   0x000034f4       0x44 ../ldscripts\M3_CryptoFW_2_0_6.lib(crypto.o)
 .debug_frame   0x00003538       0x44 ../ldscripts\M3_CryptoFW_2_0_6.lib(crypto.o)
 .debug_frame   0x0000357c       0x44 ../ldscripts\M3_CryptoFW_2_0_6.lib(crypto.o)
 .debug_frame   0x000035c0       0x64 ../ldscripts\M3_CryptoFW_2_0_6.lib(crypto.o)
 .debug_frame   0x00003624       0x60 ../ldscripts\M3_CryptoFW_2_0_6.lib(crypto.o)
 .debug_frame   0x00003684       0x4c ../ldscripts\M3_CryptoFW_2_0_6.lib(crypto.o)
 .debug_frame   0x000036d0       0x54 ../ldscripts\M3_CryptoFW_2_0_6.lib(crypto.o)
 .debug_frame   0x00003724       0x5c ../ldscripts\M3_CryptoFW_2_0_6.lib(crypto.o)
 .debug_frame   0x00003780       0x5c ../ldscripts\M3_CryptoFW_2_0_6.lib(crypto.o)
 .debug_frame   0x000037dc       0x4c ../ldscripts\M3_CryptoFW_2_0_6.lib(crypto.o)
 .debug_frame   0x00003828       0x60 ../ldscripts\M3_CryptoFW_2_0_6.lib(crypto.o)
 .debug_frame   0x00003888       0x44 ../ldscripts\M3_CryptoFW_2_0_6.lib(crypto.o)
 .debug_frame   0x000038cc       0x44 ../ldscripts\M3_CryptoFW_2_0_6.lib(crypto.o)
 .debug_frame   0x00003910       0x7c ../ldscripts\M3_CryptoFW_2_0_6.lib(crypto.o)
 .debug_frame   0x0000398c       0x60 ../ldscripts\M3_CryptoFW_2_0_6.lib(crypto.o)
 .debug_frame   0x000039ec       0x54 ../ldscripts\M3_CryptoFW_2_0_6.lib(crypto.o)
 .debug_frame   0x00003a40       0x54 ../ldscripts\M3_CryptoFW_2_0_6.lib(crypto.o)
 .debug_frame   0x00003a94       0x5c ../ldscripts\M3_CryptoFW_2_0_6.lib(crypto.o)
 .debug_frame   0x00003af0       0x5c ../ldscripts\M3_CryptoFW_2_0_6.lib(crypto.o)
 .debug_frame   0x00003b4c       0x44 ../ldscripts\M3_CryptoFW_2_0_6.lib(crypto.o)
 .debug_frame   0x00003b90       0x60 ../ldscripts\M3_CryptoFW_2_0_6.lib(crypto.o)
 .debug_frame   0x00003bf0       0x44 ../ldscripts\M3_CryptoFW_2_0_6.lib(crypto.o)
 .debug_frame   0x00003c34       0x44 ../ldscripts\M3_CryptoFW_2_0_6.lib(crypto.o)
 .debug_frame   0x00003c78       0x64 ../ldscripts\M3_CryptoFW_2_0_6.lib(crypto.o)
 .debug_frame   0x00003cdc       0x60 ../ldscripts\M3_CryptoFW_2_0_6.lib(crypto.o)
 .debug_frame   0x00003d3c       0x4c ../ldscripts\M3_CryptoFW_2_0_6.lib(crypto.o)
 .debug_frame   0x00003d88       0x54 ../ldscripts\M3_CryptoFW_2_0_6.lib(crypto.o)
 .debug_frame   0x00003ddc       0x5c ../ldscripts\M3_CryptoFW_2_0_6.lib(crypto.o)
 .debug_frame   0x00003e38       0x5c ../ldscripts\M3_CryptoFW_2_0_6.lib(crypto.o)
 .debug_frame   0x00003e94       0x4c ../ldscripts\M3_CryptoFW_2_0_6.lib(crypto.o)
 .debug_frame   0x00003ee0       0x60 ../ldscripts\M3_CryptoFW_2_0_6.lib(crypto.o)
 .debug_frame   0x00003f40       0x44 ../ldscripts\M3_CryptoFW_2_0_6.lib(crypto.o)
 .debug_frame   0x00003f84       0x44 ../ldscripts\M3_CryptoFW_2_0_6.lib(crypto.o)
 .debug_frame   0x00003fc8       0x4c ../ldscripts\M3_CryptoFW_2_0_6.lib(crypto.o)
 .debug_frame   0x00004014       0x54 ../ldscripts\M3_CryptoFW_2_0_6.lib(crypto.o)
 .debug_frame   0x00004068       0x5c ../ldscripts\M3_CryptoFW_2_0_6.lib(crypto.o)
 .debug_frame   0x000040c4       0x5c ../ldscripts\M3_CryptoFW_2_0_6.lib(crypto.o)
 .debug_frame   0x00004120       0x4c ../ldscripts\M3_CryptoFW_2_0_6.lib(crypto.o)
 .debug_frame   0x0000416c       0x60 ../ldscripts\M3_CryptoFW_2_0_6.lib(crypto.o)
 .debug_frame   0x000041cc       0x58 ../ldscripts\M3_CryptoFW_2_0_6.lib(crypto.o)
 .debug_frame   0x00004224       0x44 ../ldscripts\M3_CryptoFW_2_0_6.lib(crypto.o)
 .debug_frame   0x00004268       0x5c ../ldscripts\M3_CryptoFW_2_0_6.lib(crypto.o)
 .debug_frame   0x000042c4       0x5c ../ldscripts\M3_CryptoFW_2_0_6.lib(crypto.o)
 .debug_frame   0x00004320       0x44 ../ldscripts\M3_CryptoFW_2_0_6.lib(crypto.o)
 .debug_frame   0x00004364       0x50 ../ldscripts\M3_CryptoFW_2_0_6.lib(crypto.o)
 .debug_frame   0x000043b4       0x44 ../ldscripts\M3_CryptoFW_2_0_6.lib(crypto.o)
 .debug_frame   0x000043f8       0x44 ../ldscripts\M3_CryptoFW_2_0_6.lib(crypto.o)
 .debug_frame   0x0000443c       0x8c ../ldscripts\M3_CryptoFW_2_0_6.lib(crypto.o)
 .debug_frame   0x000044c8       0x44 ../ldscripts\M3_CryptoFW_2_0_6.lib(crypto.o)
 .debug_frame   0x0000450c       0x44 ../ldscripts\M3_CryptoFW_2_0_6.lib(crypto.o)
 .debug_frame   0x00004550       0x44 ../ldscripts\M3_CryptoFW_2_0_6.lib(crypto.o)
 .debug_frame   0x00004594       0x60 ../ldscripts\M3_CryptoFW_2_0_6.lib(crypto.o)
 .debug_frame   0x000045f4       0x58 ../ldscripts\M3_CryptoFW_2_0_6.lib(crypto.o)
 .debug_frame   0x0000464c       0x54 ../ldscripts\M3_CryptoFW_2_0_6.lib(crypto.o)
 .debug_frame   0x000046a0       0x54 ../ldscripts\M3_CryptoFW_2_0_6.lib(crypto.o)
 .debug_frame   0x000046f4       0x70 ../ldscripts\M3_CryptoFW_2_0_6.lib(crypto.o)
 .debug_frame   0x00004764       0x5c ../ldscripts\M3_CryptoFW_2_0_6.lib(crypto.o)
 .debug_frame   0x000047c0       0x58 ../ldscripts\M3_CryptoFW_2_0_6.lib(crypto.o)
 .debug_frame   0x00004818       0x58 ../ldscripts\M3_CryptoFW_2_0_6.lib(crypto.o)
 .debug_frame   0x00004870       0x5c ../ldscripts\M3_CryptoFW_2_0_6.lib(crypto.o)
 .debug_frame   0x000048cc       0x60 ../ldscripts\M3_CryptoFW_2_0_6.lib(crypto.o)
 .debug_frame   0x0000492c       0x64 ../ldscripts\M3_CryptoFW_2_0_6.lib(crypto.o)
 .debug_frame   0x00004990       0x68 ../ldscripts\M3_CryptoFW_2_0_6.lib(crypto.o)
 .debug_frame   0x000049f8       0x6c ../ldscripts\M3_CryptoFW_2_0_6.lib(crypto.o)
 .debug_frame   0x00004a64       0x78 ../ldscripts\M3_CryptoFW_2_0_6.lib(crypto.o)
 .debug_frame   0x00004adc       0x54 ../ldscripts\M3_CryptoFW_2_0_6.lib(crypto.o)
 .debug_frame   0x00004b30       0x68 ../ldscripts\M3_CryptoFW_2_0_6.lib(crypto.o)
 .debug_frame   0x00004b98       0x44 ../ldscripts\M3_CryptoFW_2_0_6.lib(crypto.o)
 .debug_frame   0x00004bdc       0x50 ../ldscripts\M3_CryptoFW_2_0_6.lib(crypto.o)
 .debug_frame   0x00004c2c       0x68 ../ldscripts\M3_CryptoFW_2_0_6.lib(crypto.o)
 .debug_frame   0x00004c94       0x54 ../ldscripts\M3_CryptoFW_2_0_6.lib(crypto.o)
 .debug_frame   0x00004ce8       0x50 ../ldscripts\M3_CryptoFW_2_0_6.lib(crypto.o)
 .debug_frame   0x00004d38       0x58 ../ldscripts\M3_CryptoFW_2_0_6.lib(crypto.o)
 .debug_frame   0x00004d90       0x58 ../ldscripts\M3_CryptoFW_2_0_6.lib(crypto.o)
 .debug_frame   0x00004de8       0x68 ../ldscripts\M3_CryptoFW_2_0_6.lib(crypto.o)
 .debug_frame   0x00004e50       0x64 ../ldscripts\M3_CryptoFW_2_0_6.lib(crypto.o)
 .debug_frame   0x00004eb4       0x5c ../ldscripts\M3_CryptoFW_2_0_6.lib(crypto.o)
 .debug_frame   0x00004f10       0x68 ../ldscripts\M3_CryptoFW_2_0_6.lib(crypto.o)
 .debug_frame   0x00004f78       0x68 ../ldscripts\M3_CryptoFW_2_0_6.lib(crypto.o)
 .debug_frame   0x00004fe0       0x58 ../ldscripts\M3_CryptoFW_2_0_6.lib(crypto.o)
 .debug_frame   0x00005038       0x58 ../ldscripts\M3_CryptoFW_2_0_6.lib(crypto.o)
 .debug_frame   0x00005090       0x5c ../ldscripts\M3_CryptoFW_2_0_6.lib(crypto.o)
 .debug_frame   0x000050ec       0x68 ../ldscripts\M3_CryptoFW_2_0_6.lib(crypto.o)
 .debug_frame   0x00005154       0x6c ../ldscripts\M3_CryptoFW_2_0_6.lib(crypto.o)
 .debug_frame   0x000051c0       0x54 ../ldscripts\M3_CryptoFW_2_0_6.lib(crypto.o)
 .debug_frame   0x00005214       0x54 ../ldscripts\M3_CryptoFW_2_0_6.lib(crypto.o)
 .debug_frame   0x00005268       0x6c ../ldscripts\M3_CryptoFW_2_0_6.lib(crypto.o)
 .debug_frame   0x000052d4       0x6c ../ldscripts\M3_CryptoFW_2_0_6.lib(crypto.o)
 .debug_frame   0x00005340       0x70 ../ldscripts\M3_CryptoFW_2_0_6.lib(crypto.o)
 .debug_frame   0x000053b0       0x64 ../ldscripts\M3_CryptoFW_2_0_6.lib(crypto.o)
 .debug_frame   0x00005414       0x74 ../ldscripts\M3_CryptoFW_2_0_6.lib(crypto.o)
 .debug_frame   0x00005488       0x44 ../ldscripts\M3_CryptoFW_2_0_6.lib(crypto.o)
 .debug_frame   0x000054cc       0x70 ../ldscripts\M3_CryptoFW_2_0_6.lib(crypto.o)
 .debug_frame   0x0000553c       0x58 ../ldscripts\M3_CryptoFW_2_0_6.lib(crypto.o)
 .debug_frame   0x00005594       0x5c ../ldscripts\M3_CryptoFW_2_0_6.lib(crypto.o)
 .debug_frame   0x000055f0       0x50 ../ldscripts\M3_CryptoFW_2_0_6.lib(crypto.o)
 .debug_frame   0x00005640       0x5c ../ldscripts\M3_CryptoFW_2_0_6.lib(crypto.o)
 .debug_frame   0x0000569c       0x50 ../ldscripts\M3_CryptoFW_2_0_6.lib(crypto.o)
 .debug_frame   0x000056ec       0x64 ../ldscripts\M3_CryptoFW_2_0_6.lib(crypto.o)
 .debug_frame   0x00005750       0x64 ../ldscripts\M3_CryptoFW_2_0_6.lib(crypto.o)
 .debug_frame   0x000057b4       0x50 ../ldscripts\M3_CryptoFW_2_0_6.lib(crypto.o)
 .debug_frame   0x00005804       0x50 ../ldscripts\M3_CryptoFW_2_0_6.lib(crypto.o)
 .debug_frame   0x00005854       0x64 ../ldscripts\M3_CryptoFW_2_0_6.lib(crypto.o)
 .debug_frame   0x000058b8       0x54 ../ldscripts\M3_CryptoFW_2_0_6.lib(crypto.o)
 .debug_frame   0x0000590c       0x50 ../ldscripts\M3_CryptoFW_2_0_6.lib(crypto.o)
 .debug_frame   0x0000595c       0x54 ../ldscripts\M3_CryptoFW_2_0_6.lib(crypto.o)
 .debug_frame   0x000059b0       0x50 ../ldscripts\M3_CryptoFW_2_0_6.lib(crypto.o)
 .debug_frame   0x00005a00       0x44 ../ldscripts\M3_CryptoFW_2_0_6.lib(crypto.o)
 .debug_frame   0x00005a44       0x44 ../ldscripts\M3_CryptoFW_2_0_6.lib(crypto.o)
 .debug_frame   0x00005a88       0x50 ../ldscripts\M3_CryptoFW_2_0_6.lib(crypto.o)
 .debug_frame   0x00005ad8       0x50 ../ldscripts\M3_CryptoFW_2_0_6.lib(crypto.o)
 .debug_frame   0x00005b28       0x44 ../ldscripts\M3_CryptoFW_2_0_6.lib(crypto.o)
 .debug_frame   0x00005b6c       0x50 ../ldscripts\M3_CryptoFW_2_0_6.lib(crypto.o)
 .debug_frame   0x00005bbc       0x68 ../ldscripts\M3_CryptoFW_2_0_6.lib(crypto.o)
 .debug_frame   0x00005c24       0x50 ../ldscripts\M3_CryptoFW_2_0_6.lib(crypto.o)
 .debug_frame   0x00005c74       0x50 ../ldscripts\M3_CryptoFW_2_0_6.lib(crypto.o)
 .debug_frame   0x00005cc4       0x50 ../ldscripts\M3_CryptoFW_2_0_6.lib(crypto.o)
 .debug_frame   0x00005d14       0x44 ../ldscripts\M3_CryptoFW_2_0_6.lib(crypto.o)
 .debug_frame   0x00005d58       0x50 ../ldscripts\M3_CryptoFW_2_0_6.lib(crypto.o)
 .debug_frame   0x00005da8       0x60 ../ldscripts\M3_CryptoFW_2_0_6.lib(crypto.o)
 .debug_frame   0x00005e08       0x60 ../ldscripts\M3_CryptoFW_2_0_6.lib(crypto.o)
 .debug_frame   0x00005e68       0x60 ../ldscripts\M3_CryptoFW_2_0_6.lib(crypto.o)
 .debug_frame   0x00005ec8       0x60 ../ldscripts\M3_CryptoFW_2_0_6.lib(crypto.o)
 .debug_frame   0x00005f28       0x44 ../ldscripts\M3_CryptoFW_2_0_6.lib(crypto.o)

.debug_str      0x00000000    0x5c8f3
 *(.debug_str)
 .debug_str     0x00000000    0x4f168 ./system/src/stm32f1-stdperiph/stm32f10x_rcc.o
                              0x4f31f (size before relaxing)
 .debug_str     0x0004f168     0x4ffb ./system/src/newlib/_exit.o
                               0x7eeb (size before relaxing)
 .debug_str     0x00054163      0x4f5 ./system/src/newlib/_sbrk.o
                               0x729d (size before relaxing)
 .debug_str     0x00054658      0x260 ./system/src/newlib/_startup.o
                               0x69d8 (size before relaxing)
 .debug_str     0x000548b8      0xe8b ./system/src/newlib/_syscalls.o
                               0x8178 (size before relaxing)
 .debug_str     0x00055743       0xd0 ./system/src/newlib/assert.o
                               0x89f0 (size before relaxing)
 .debug_str     0x00055813      0x819 ./system/src/diag/Trace.o
                               0x8663 (size before relaxing)
 .debug_str     0x0005602c      0x37b ./system/src/diag/trace_impl.o
                              0x52a49 (size before relaxing)
 .debug_str     0x000563a7       0x97 ./system/src/cortexm/_initialize_hardware.o
                              0x4e83a (size before relaxing)
 .debug_str     0x0005643e      0x18d ./system/src/cortexm/exception_handlers.o
                              0x53c5e (size before relaxing)
 .debug_str     0x000565cb       0x96 ./system/src/cmsis/system_stm32f10x.o
                              0x4e8d4 (size before relaxing)
 .debug_str     0x00056661       0x57 ./system/src/cmsis/vectors_stm32f10x.o
                               0x3879 (size before relaxing)
 .debug_str     0x000566b8      0xf4e ./src/AFIO_program.o
                               0x3ccc (size before relaxing)
 .debug_str     0x00057606      0x506 ./src/Application.o
                               0x36c1 (size before relaxing)
 .debug_str     0x00057b0c     0x1379 ./src/CAN.o
                               0x99b8 (size before relaxing)
 .debug_str     0x00058e85      0x1cc ./src/CANHANDLER_prog.o
                               0x33e8 (size before relaxing)
 .debug_str     0x00059051      0xc26 ./src/DIO_prog.o
                               0x3d5e (size before relaxing)
 .debug_str     0x00059c77      0x352 ./src/DMA_program.o
                               0x35af (size before relaxing)
 .debug_str     0x00059fc9      0x4b3 ./src/GSM_program.o
                               0x407b (size before relaxing)
 .debug_str     0x0005a47c      0x1e5 ./src/NVIC_prog.o
                               0x375a (size before relaxing)
 .debug_str     0x0005a661      0xd08 ./src/RCC_prog.o
                               0x4342 (size before relaxing)
 .debug_str     0x0005b369      0x1de ./src/SCB_prog.o
                               0x3328 (size before relaxing)
 .debug_str     0x0005b547      0x171 ./src/SCH_prog.o
                               0x32b0 (size before relaxing)
 .debug_str     0x0005b6b8      0x134 ./src/SYSTICK_prog.o
                               0x328b (size before relaxing)
 .debug_str     0x0005b7ec      0xb2e ./src/Timer_prog.o
                               0x3e13 (size before relaxing)
 .debug_str     0x0005c31a      0x4eb ./src/USART_program.o
                               0x38f5 (size before relaxing)
 .debug_str     0x0005c805       0xee ./src/main.o
                               0x4e16 (size before relaxing)

.debug_loc      0x00000000     0x3666
 *(.debug_loc)
 .debug_loc     0x00000000      0xa63 ./system/src/stm32f1-stdperiph/stm32f10x_rcc.o
 .debug_loc     0x00000a63       0x85 ./system/src/newlib/_sbrk.o
 .debug_loc     0x00000ae8      0x1a9 ./system/src/newlib/_startup.o
 .debug_loc     0x00000c91       0x63 ./system/src/newlib/_syscalls.o
 .debug_loc     0x00000cf4      0x134 ./system/src/newlib/assert.o
 .debug_loc     0x00000e28       0xf6 ./system/src/diag/Trace.o
 .debug_loc     0x00000f1e      0x121 ./system/src/diag/trace_impl.o
 .debug_loc     0x0000103f      0x291 ./system/src/cortexm/exception_handlers.o
 .debug_loc     0x000012d0       0xdf ./system/src/cmsis/system_stm32f10x.o
 .debug_loc     0x000013af      0x586 ./src/Application.o
 .debug_loc     0x00001935      0x1c5 ./src/CAN.o
 .debug_loc     0x00001afa      0x1b4 ./src/CANHANDLER_prog.o
 .debug_loc     0x00001cae      0x1b6 ./src/DIO_prog.o
 .debug_loc     0x00001e64      0x16b ./src/DMA_program.o
 .debug_loc     0x00001fcf      0xa3c ./src/GSM_program.o
 .debug_loc     0x00002a0b      0x15f ./src/NVIC_prog.o
 .debug_loc     0x00002b6a      0x130 ./src/RCC_prog.o
 .debug_loc     0x00002c9a       0x42 ./src/SCB_prog.o
 .debug_loc     0x00002cdc       0x2a ./src/SCH_prog.o
 .debug_loc     0x00002d06       0x21 ./src/SYSTICK_prog.o
 .debug_loc     0x00002d27      0x7b5 ./src/USART_program.o
 .debug_loc     0x000034dc      0x18a ./src/main.o

.debug_macinfo
 *(.debug_macinfo)

.debug_weaknames
 *(.debug_weaknames)

.debug_funcnames
 *(.debug_funcnames)

.debug_typenames
 *(.debug_typenames)

.debug_varnames
 *(.debug_varnames)
OUTPUT(FOTA.elf elf32-littlearm)

.debug_ranges   0x00000000      0x750
 .debug_ranges  0x00000000      0x108 ./system/src/stm32f1-stdperiph/stm32f10x_rcc.o
 .debug_ranges  0x00000108       0x18 ./system/src/newlib/_exit.o
 .debug_ranges  0x00000120       0x10 ./system/src/newlib/_sbrk.o
 .debug_ranges  0x00000130       0x78 ./system/src/newlib/_startup.o
 .debug_ranges  0x000001a8       0x20 ./system/src/newlib/_syscalls.o
 .debug_ranges  0x000001c8       0x18 ./system/src/newlib/assert.o
 .debug_ranges  0x000001e0       0x28 ./system/src/diag/Trace.o
 .debug_ranges  0x00000208       0x50 ./system/src/diag/trace_impl.o
 .debug_ranges  0x00000258       0x18 ./system/src/cortexm/_initialize_hardware.o
 .debug_ranges  0x00000270       0x78 ./system/src/cortexm/exception_handlers.o
 .debug_ranges  0x000002e8       0x28 ./system/src/cmsis/system_stm32f10x.o
 .debug_ranges  0x00000310       0x10 ./system/src/cmsis/vectors_stm32f10x.o
 .debug_ranges  0x00000320       0x10 ./src/AFIO_program.o
 .debug_ranges  0x00000330       0x90 ./src/Application.o
 .debug_ranges  0x000003c0       0x68 ./src/CAN.o
 .debug_ranges  0x00000428       0x18 ./src/CANHANDLER_prog.o
 .debug_ranges  0x00000440       0x20 ./src/DIO_prog.o
 .debug_ranges  0x00000460       0x48 ./src/DMA_program.o
 .debug_ranges  0x000004a8       0xc8 ./src/GSM_program.o
 .debug_ranges  0x00000570       0x40 ./src/NVIC_prog.o
 .debug_ranges  0x000005b0       0x30 ./src/RCC_prog.o
 .debug_ranges  0x000005e0       0x20 ./src/SCB_prog.o
 .debug_ranges  0x00000600       0x38 ./src/SCH_prog.o
 .debug_ranges  0x00000638       0x30 ./src/SYSTICK_prog.o
 .debug_ranges  0x00000668       0x28 ./src/Timer_prog.o
 .debug_ranges  0x00000690       0xa8 ./src/USART_program.o
 .debug_ranges  0x00000738       0x18 ./src/main.o

.debug_macro    0x00000000     0x482d
 .debug_macro   0x00000000      0x287 ./system/src/stm32f1-stdperiph/stm32f10x_rcc.o
 .debug_macro   0x00000287      0x3dc ./system/src/stm32f1-stdperiph/stm32f10x_rcc.o
 .debug_macro   0x00000663      0x1b4 ./system/src/newlib/_exit.o
 .debug_macro   0x00000817       0x9c ./system/src/newlib/_exit.o
 .debug_macro   0x000008b3      0x10e ./system/src/newlib/_exit.o
 .debug_macro   0x000009c1       0x8d ./system/src/newlib/_exit.o
 .debug_macro   0x00000a4e       0x43 ./system/src/newlib/_exit.o
 .debug_macro   0x00000a91      0x330 ./system/src/newlib/_exit.o
 .debug_macro   0x00000dc1       0x35 ./system/src/newlib/_exit.o
 .debug_macro   0x00000df6      0x169 ./system/src/newlib/_sbrk.o
 .debug_macro   0x00000f5f      0x174 ./system/src/newlib/_sbrk.o
 .debug_macro   0x000010d3       0x10 ./system/src/newlib/_sbrk.o
 .debug_macro   0x000010e3      0x23b ./system/src/newlib/_sbrk.o
 .debug_macro   0x0000131e      0x173 ./system/src/newlib/_startup.o
 .debug_macro   0x00001491      0x217 ./system/src/newlib/_syscalls.o
 .debug_macro   0x000016a8       0x1c ./system/src/newlib/_syscalls.o
 .debug_macro   0x000016c4       0x10 ./system/src/newlib/_syscalls.o
 .debug_macro   0x000016d4       0x10 ./system/src/newlib/_syscalls.o
 .debug_macro   0x000016e4       0x10 ./system/src/newlib/_syscalls.o
 .debug_macro   0x000016f4       0x35 ./system/src/newlib/_syscalls.o
 .debug_macro   0x00001729      0x122 ./system/src/newlib/_syscalls.o
 .debug_macro   0x0000184b       0x88 ./system/src/newlib/_syscalls.o
 .debug_macro   0x000018d3       0x2b ./system/src/newlib/_syscalls.o
 .debug_macro   0x000018fe      0x118 ./system/src/newlib/_syscalls.o
 .debug_macro   0x00001a16      0x189 ./system/src/newlib/_syscalls.o
 .debug_macro   0x00001b9f       0x16 ./system/src/newlib/_syscalls.o
 .debug_macro   0x00001bb5      0x1d0 ./system/src/newlib/assert.o
 .debug_macro   0x00001d85       0x1c ./system/src/newlib/assert.o
 .debug_macro   0x00001da1      0x1fb ./system/src/diag/Trace.o
 .debug_macro   0x00001f9c       0x16 ./system/src/diag/Trace.o
 .debug_macro   0x00001fb2       0x97 ./system/src/diag/Trace.o
 .debug_macro   0x00002049       0xfd ./system/src/diag/Trace.o
 .debug_macro   0x00002146       0x10 ./system/src/diag/Trace.o
 .debug_macro   0x00002156       0x16 ./system/src/diag/Trace.o
 .debug_macro   0x0000216c      0x16f ./system/src/diag/Trace.o
 .debug_macro   0x000022db       0x4c ./system/src/diag/Trace.o
 .debug_macro   0x00002327       0x16 ./system/src/diag/Trace.o
 .debug_macro   0x0000233d      0x2da ./system/src/diag/trace_impl.o
 .debug_macro   0x00002617       0x10 ./system/src/diag/trace_impl.o
 .debug_macro   0x00002627       0xcf ./system/src/diag/trace_impl.o
 .debug_macro   0x000026f6       0xbe ./system/src/diag/trace_impl.o
 .debug_macro   0x000027b4       0x22 ./system/src/diag/trace_impl.o
 .debug_macro   0x000027d6      0x16b ./system/src/cortexm/_initialize_hardware.o
 .debug_macro   0x00002941      0x324 ./system/src/cortexm/exception_handlers.o
 .debug_macro   0x00002c65       0x3b ./system/src/cortexm/exception_handlers.o
 .debug_macro   0x00002ca0       0x10 ./system/src/cortexm/exception_handlers.o
 .debug_macro   0x00002cb0      0x16e ./system/src/cmsis/system_stm32f10x.o
 .debug_macro   0x00002e1e       0x34 ./system/src/cmsis/vectors_stm32f10x.o
 .debug_macro   0x00002e52       0x3e ./src/AFIO_program.o
 .debug_macro   0x00002e90       0x3a ./src/AFIO_program.o
 .debug_macro   0x00002eca       0x46 ./src/AFIO_program.o
 .debug_macro   0x00002f10       0x34 ./src/AFIO_program.o
 .debug_macro   0x00002f44      0x165 ./src/AFIO_program.o
 .debug_macro   0x000030a9       0xf4 ./src/AFIO_program.o
 .debug_macro   0x0000319d       0x61 ./src/Application.o
 .debug_macro   0x000031fe       0x3a ./src/Application.o
 .debug_macro   0x00003238       0x16 ./src/Application.o
 .debug_macro   0x0000324e       0x10 ./src/Application.o
 .debug_macro   0x0000325e      0x234 ./src/CAN.o
 .debug_macro   0x00003492       0x76 ./src/CAN.o
 .debug_macro   0x00003508       0x52 ./src/CAN.o
 .debug_macro   0x0000355a      0x13c ./src/CAN.o
 .debug_macro   0x00003696      0x172 ./src/CAN.o
 .debug_macro   0x00003808       0xa6 ./src/CAN.o
 .debug_macro   0x000038ae       0x22 ./src/CAN.o
 .debug_macro   0x000038d0       0x3e ./src/CANHANDLER_prog.o
 .debug_macro   0x0000390e       0x16 ./src/CANHANDLER_prog.o
 .debug_macro   0x00003924       0x3a ./src/CANHANDLER_prog.o
 .debug_macro   0x0000395e       0x3e ./src/DIO_prog.o
 .debug_macro   0x0000399c       0xdc ./src/DIO_prog.o
 .debug_macro   0x00003a78       0x8e ./src/DIO_prog.o
 .debug_macro   0x00003b06       0xb8 ./src/DIO_prog.o
 .debug_macro   0x00003bbe       0x35 ./src/DMA_program.o
 .debug_macro   0x00003bf3       0x16 ./src/DMA_program.o
 .debug_macro   0x00003c09       0x64 ./src/DMA_program.o
 .debug_macro   0x00003c6d       0x6e ./src/GSM_program.o
 .debug_macro   0x00003cdb       0x3b ./src/NVIC_prog.o
 .debug_macro   0x00003d16       0x2e ./src/NVIC_prog.o
 .debug_macro   0x00003d44       0x3e ./src/RCC_prog.o
 .debug_macro   0x00003d82      0x4db ./src/RCC_prog.o
 .debug_macro   0x0000425d       0x35 ./src/SCB_prog.o
 .debug_macro   0x00004292       0x34 ./src/SCB_prog.o
 .debug_macro   0x000042c6       0x2e ./src/SCB_prog.o
 .debug_macro   0x000042f4       0x49 ./src/SCH_prog.o
 .debug_macro   0x0000433d       0x10 ./src/SCH_prog.o
 .debug_macro   0x0000434d       0x16 ./src/SCH_prog.o
 .debug_macro   0x00004363       0x36 ./src/SYSTICK_prog.o
 .debug_macro   0x00004399       0x34 ./src/SYSTICK_prog.o
 .debug_macro   0x000043cd       0x48 ./src/Timer_prog.o
 .debug_macro   0x00004415      0x1b4 ./src/Timer_prog.o
 .debug_macro   0x000045c9       0x6a ./src/Timer_prog.o
 .debug_macro   0x00004633       0x47 ./src/USART_program.o
 .debug_macro   0x0000467a       0x76 ./src/USART_program.o
 .debug_macro   0x000046f0       0x52 ./src/USART_program.o
 .debug_macro   0x00004742       0xeb ./src/main.o